Linux debian 6.1.0-23-amd64 #1 SMP PREEMPT_DYNAMIC Debian 6.1.99-1 (2024-07-15) x86_64 GNU/Linux
Distributor ID:	Debian
Description:	Debian GNU/Linux 12 (bookworm)
Release:	12
Codename:	bookworm
               total        used        free      shared  buff/cache   available
Mem:            10Gi       2.5Gi       4.6Gi        35Mi       3.6Gi       7.9Gi
Swap:          974Mi          0B       974Mi
MemTotal:       10856772 kB
MemFree:         4826920 kB
MemAvailable:    8282036 kB
Buffers:         1154936 kB
Cached:          1052228 kB
SwapCached:            0 kB
Active:          1658652 kB
Inactive:        2477700 kB
Active(anon):       5560 kB
Inactive(anon):  1964940 kB
Active(file):    1653092 kB
Inactive(file):   512760 kB
Unevictable:        7796 kB
Mlocked:            7796 kB
SwapTotal:        998396 kB
SwapFree:         998396 kB
Zswap:                 0 kB
Zswapped:              0 kB
Dirty:              1368 kB
Writeback:             0 kB
AnonPages:       1831212 kB
Mapped:           445104 kB
Shmem:             36256 kB
KReclaimable:    1603076 kB
Slab:            1732152 kB
SReclaimable:    1603076 kB
SUnreclaim:       129076 kB
KernelStack:       18624 kB
PageTables:        32700 kB
SecPageTables:         0 kB
NFS_Unstable:          0 kB
Bounce:                0 kB
WritebackTmp:          0 kB
CommitLimit:     6426780 kB
Committed_AS:    6686124 kB
VmallocTotal:   34359738367 kB
VmallocUsed:       37604 kB
VmallocChunk:          0 kB
Percpu:             5696 kB
HardwareCorrupted:     0 kB
AnonHugePages:    366592 kB
ShmemHugePages:        0 kB
ShmemPmdMapped:        0 kB
FileHugePages:         0 kB
FilePmdMapped:         0 kB
HugePages_Total:       0
HugePages_Free:        0
HugePages_Rsvd:        0
HugePages_Surp:        0
Hugepagesize:       2048 kB
Hugetlb:               0 kB
DirectMap4k:      133056 kB
DirectMap2M:    11038720 kB
Architecture:                         x86_64
CPU op-mode(s):                       32-bit, 64-bit
Address sizes:                        48 bits physical, 48 bits virtual
Byte Order:                           Little Endian
CPU(s):                               6
On-line CPU(s) list:                  0-5
Vendor ID:                            AuthenticAMD
Model name:                           AMD Ryzen 5 5600H with Radeon Graphics
CPU family:                           25
Model:                                80
Thread(s) per core:                   1
Core(s) per socket:                   6
Socket(s):                            1
Stepping:                             0
BogoMIPS:                             6587.62
Flags:                                fpu vme de pse tsc msr pae mce cx8 apic sep mtrr pge mca cmov pat pse36 clflush mmx fxsr sse sse2 ht syscall nx mmxext fxsr_opt rdtscp lm constant_tsc rep_good nopl nonstop_tsc cpuid extd_apicid tsc_known_freq pni pclmulqdq ssse3 cx16 sse4_1 sse4_2 x2apic movbe popcnt aes xsave avx rdrand hypervisor lahf_lm cmp_legacy cr8_legacy abm sse4a misalignsse 3dnowprefetch vmmcall fsgsbase bmi1 avx2 bmi2 invpcid rdseed clflushopt arat
Hypervisor vendor:                    KVM
Virtualization type:                  full
L1d cache:                            192 KiB (6 instances)
L1i cache:                            192 KiB (6 instances)
L2 cache:                             3 MiB (6 instances)
L3 cache:                             96 MiB (6 instances)
NUMA node(s):                         1
NUMA node0 CPU(s):                    0-5
Vulnerability Gather data sampling:   Not affected
Vulnerability Itlb multihit:          Not affected
Vulnerability L1tf:                   Not affected
Vulnerability Mds:                    Not affected
Vulnerability Meltdown:               Not affected
Vulnerability Mmio stale data:        Not affected
Vulnerability Reg file data sampling: Not affected
Vulnerability Retbleed:               Not affected
Vulnerability Spec rstack overflow:   Mitigation; safe RET
Vulnerability Spec store bypass:      Not affected
Vulnerability Spectre v1:             Mitigation; usercopy/swapgs barriers and __user pointer sanitization
Vulnerability Spectre v2:             Mitigation; Retpolines; STIBP disabled; RSB filling; PBRSB-eIBRS Not affected; BHI Not affected
Vulnerability Srbds:                  Not affected
Vulnerability Tsx async abort:        Not affected
[    0.000000] Linux version 6.1.0-23-amd64 (debian-kernel@lists.debian.org) (gcc-12 (Debian 12.2.0-14) 12.2.0, GNU ld (GNU Binutils for Debian) 2.40) #1 SMP PREEMPT_DYNAMIC Debian 6.1.99-1 (2024-07-15)
[    0.000000] Command line: BOOT_IMAGE=/boot/vmlinuz-6.1.0-23-amd64 root=UUID=a621a849-de67-4c00-a1bb-116e7bb7554e ro quiet
[    0.000000] [Firmware Bug]: TSC doesn't count with P0 frequency!
[    0.000000] BIOS-provided physical RAM map:
[    0.000000] BIOS-e820: [mem 0x0000000000000000-0x000000000009fbff] usable
[    0.000000] BIOS-e820: [mem 0x000000000009fc00-0x000000000009ffff] reserved
[    0.000000] BIOS-e820: [mem 0x00000000000f0000-0x00000000000fffff] reserved
[    0.000000] BIOS-e820: [mem 0x0000000000100000-0x00000000dffeffff] usable
[    0.000000] BIOS-e820: [mem 0x00000000dfff0000-0x00000000dfffffff] ACPI data
[    0.000000] BIOS-e820: [mem 0x00000000fec00000-0x00000000fec00fff] reserved
[    0.000000] BIOS-e820: [mem 0x00000000fee00000-0x00000000fee00fff] reserved
[    0.000000] BIOS-e820: [mem 0x00000000fffc0000-0x00000000ffffffff] reserved
[    0.000000] BIOS-e820: [mem 0x0000000100000000-0x00000002c9dfffff] usable
[    0.000000] NX (Execute Disable) protection: active
[    0.000000] SMBIOS 2.5 present.
[    0.000000] DMI: innotek GmbH VirtualBox/VirtualBox, BIOS VirtualBox 12/01/2006
[    0.000000] Hypervisor detected: KVM
[    0.000000] kvm-clock: Using msrs 4b564d01 and 4b564d00
[    0.000003] kvm-clock: using sched offset of 8492254182 cycles
[    0.000005] clocksource: kvm-clock: mask: 0xffffffffffffffff max_cycles: 0x1cd42e4dffb, max_idle_ns: 881590591483 ns
[    0.000008] tsc: Detected 3293.814 MHz processor
[    0.001394] e820: update [mem 0x00000000-0x00000fff] usable ==> reserved
[    0.001397] e820: remove [mem 0x000a0000-0x000fffff] usable
[    0.001402] last_pfn = 0x2c9e00 max_arch_pfn = 0x400000000
[    0.001418] Disabled
[    0.001419] x86/PAT: MTRRs disabled, skipping PAT initialization too.
[    0.001421] CPU MTRRs all blank - virtualized system.
[    0.001423] x86/PAT: Configuration [0-7]: WB  WT  UC- UC  WB  WT  UC- UC  
[    0.001426] last_pfn = 0xdfff0 max_arch_pfn = 0x400000000
[    0.001448] found SMP MP-table at [mem 0x0009fff0-0x0009ffff]
[    0.002071] RAMDISK: [mem 0x320a9000-0x3504bfff]
[    0.002076] ACPI: Early table checksum verification disabled
[    0.002080] ACPI: RSDP 0x00000000000E0000 000024 (v02 VBOX  )
[    0.002083] ACPI: XSDT 0x00000000DFFF0030 00003C (v01 VBOX   VBOXXSDT 00000001 ASL  00000061)
[    0.002088] ACPI: FACP 0x00000000DFFF00F0 0000F4 (v04 VBOX   VBOXFACP 00000001 ASL  00000061)
[    0.002092] ACPI: DSDT 0x00000000DFFF0630 002353 (v02 VBOX   VBOXBIOS 00000002 INTL 20100528)
[    0.002094] ACPI: FACS 0x00000000DFFF0200 000040
[    0.002096] ACPI: FACS 0x00000000DFFF0200 000040
[    0.002097] ACPI: APIC 0x00000000DFFF0240 00007C (v02 VBOX   VBOXAPIC 00000001 ASL  00000061)
[    0.002099] ACPI: SSDT 0x00000000DFFF02C0 00036C (v01 VBOX   VBOXCPUT 00000002 INTL 20100528)
[    0.002101] ACPI: Reserving FACP table memory at [mem 0xdfff00f0-0xdfff01e3]
[    0.002102] ACPI: Reserving DSDT table memory at [mem 0xdfff0630-0xdfff2982]
[    0.002102] ACPI: Reserving FACS table memory at [mem 0xdfff0200-0xdfff023f]
[    0.002103] ACPI: Reserving FACS table memory at [mem 0xdfff0200-0xdfff023f]
[    0.002103] ACPI: Reserving APIC table memory at [mem 0xdfff0240-0xdfff02bb]
[    0.002104] ACPI: Reserving SSDT table memory at [mem 0xdfff02c0-0xdfff062b]
[    0.002244] No NUMA configuration found
[    0.002245] Faking a node at [mem 0x0000000000000000-0x00000002c9dfffff]
[    0.002252] NODE_DATA(0) allocated [mem 0x2c9dcf000-0x2c9df9fff]
[    0.002426] Zone ranges:
[    0.002427]   DMA      [mem 0x0000000000001000-0x0000000000ffffff]
[    0.002428]   DMA32    [mem 0x0000000001000000-0x00000000ffffffff]
[    0.002429]   Normal   [mem 0x0000000100000000-0x00000002c9dfffff]
[    0.002430]   Device   empty
[    0.002431] Movable zone start for each node
[    0.002433] Early memory node ranges
[    0.002433]   node   0: [mem 0x0000000000001000-0x000000000009efff]
[    0.002434]   node   0: [mem 0x0000000000100000-0x00000000dffeffff]
[    0.002435]   node   0: [mem 0x0000000100000000-0x00000002c9dfffff]
[    0.002437] Initmem setup node 0 [mem 0x0000000000001000-0x00000002c9dfffff]
[    0.002816] On node 0, zone DMA: 1 pages in unavailable ranges
[    0.002839] On node 0, zone DMA: 97 pages in unavailable ranges
[    0.016639] On node 0, zone Normal: 16 pages in unavailable ranges
[    0.017147] On node 0, zone Normal: 25088 pages in unavailable ranges
[    0.017422] ACPI: PM-Timer IO Port: 0x4008
[    0.017465] IOAPIC[0]: apic_id 6, version 32, address 0xfec00000, GSI 0-23
[    0.017467] ACPI: INT_SRC_OVR (bus 0 bus_irq 0 global_irq 2 dfl dfl)
[    0.017469] ACPI: INT_SRC_OVR (bus 0 bus_irq 9 global_irq 9 low level)
[    0.017472] ACPI: Using ACPI (MADT) for SMP configuration information
[    0.017477] smpboot: Allowing 6 CPUs, 0 hotplug CPUs
[    0.017496] PM: hibernation: Registered nosave memory: [mem 0x00000000-0x00000fff]
[    0.017498] PM: hibernation: Registered nosave memory: [mem 0x0009f000-0x0009ffff]
[    0.017498] PM: hibernation: Registered nosave memory: [mem 0x000a0000-0x000effff]
[    0.017499] PM: hibernation: Registered nosave memory: [mem 0x000f0000-0x000fffff]
[    0.017500] PM: hibernation: Registered nosave memory: [mem 0xdfff0000-0xdfffffff]
[    0.017500] PM: hibernation: Registered nosave memory: [mem 0xe0000000-0xfebfffff]
[    0.017501] PM: hibernation: Registered nosave memory: [mem 0xfec00000-0xfec00fff]
[    0.017502] PM: hibernation: Registered nosave memory: [mem 0xfec01000-0xfedfffff]
[    0.017502] PM: hibernation: Registered nosave memory: [mem 0xfee00000-0xfee00fff]
[    0.017503] PM: hibernation: Registered nosave memory: [mem 0xfee01000-0xfffbffff]
[    0.017503] PM: hibernation: Registered nosave memory: [mem 0xfffc0000-0xffffffff]
[    0.017505] [mem 0xe0000000-0xfebfffff] available for PCI devices
[    0.017506] Booting paravirtualized kernel on KVM
[    0.017508] clocksource: refined-jiffies: mask: 0xffffffff max_cycles: 0xffffffff, max_idle_ns: 7645519600211568 ns
[    0.020629] setup_percpu: NR_CPUS:8192 nr_cpumask_bits:6 nr_cpu_ids:6 nr_node_ids:1
[    0.021073] percpu: Embedded 61 pages/cpu s212992 r8192 d28672 u262144
[    0.021077] pcpu-alloc: s212992 r8192 d28672 u262144 alloc=1*2097152
[    0.021080] pcpu-alloc: [0] 0 1 2 3 4 5 - - 
[    0.021101] kvm-guest: PV spinlocks enabled
[    0.021102] PV qspinlock hash table entries: 256 (order: 0, 4096 bytes, linear)
[    0.021110] Fallback order for Node 0: 0 
[    0.021112] Built 1 zonelists, mobility grouping on.  Total pages: 2749048
[    0.021113] Policy zone: Normal
[    0.021113] Kernel command line: BOOT_IMAGE=/boot/vmlinuz-6.1.0-23-amd64 root=UUID=a621a849-de67-4c00-a1bb-116e7bb7554e ro quiet
[    0.021150] Unknown kernel command line parameters "BOOT_IMAGE=/boot/vmlinuz-6.1.0-23-amd64", will be passed to user space.
[    0.021170] random: crng init done
[    0.024028] Dentry cache hash table entries: 2097152 (order: 12, 16777216 bytes, linear)
[    0.025485] Inode-cache hash table entries: 1048576 (order: 11, 8388608 bytes, linear)
[    0.025518] mem auto-init: stack:all(zero), heap alloc:on, heap free:off
[    0.025523] software IO TLB: area num 8.
[    0.051394] Memory: 3644464K/11171384K available (14342K kernel code, 2332K rwdata, 9068K rodata, 2796K init, 17404K bss, 371472K reserved, 0K cma-reserved)
[    0.051475] SLUB: HWalign=64, Order=0-3, MinObjects=0, CPUs=6, Nodes=1
[    0.051496] ftrace: allocating 40236 entries in 158 pages
[    0.058585] ftrace: allocated 158 pages with 5 groups
[    0.059159] Dynamic Preempt: voluntary
[    0.059487] rcu: Preemptible hierarchical RCU implementation.
[    0.059489] rcu: 	RCU restricting CPUs from NR_CPUS=8192 to nr_cpu_ids=6.
[    0.059490] 	Trampoline variant of Tasks RCU enabled.
[    0.059490] 	Rude variant of Tasks RCU enabled.
[    0.059491] 	Tracing variant of Tasks RCU enabled.
[    0.059492] rcu: RCU calculated value of scheduler-enlistment delay is 25 jiffies.
[    0.059492] rcu: Adjusting geometry for rcu_fanout_leaf=16, nr_cpu_ids=6
[    0.062178] NR_IRQS: 524544, nr_irqs: 472, preallocated irqs: 16
[    0.062356] rcu: srcu_init: Setting srcu_struct sizes based on contention.
[    0.068636] Console: colour VGA+ 80x25
[    0.068646] printk: console [tty0] enabled
[    0.068661] ACPI: Core revision 20220331
[    0.068737] APIC: Switch to symmetric I/O mode setup
[    0.068900] x2apic enabled
[    0.069052] Switched APIC routing to physical x2apic.
[    0.069846] ..TIMER: vector=0x30 apic1=0 pin1=2 apic2=-1 pin2=-1
[    0.069863] clocksource: tsc-early: mask: 0xffffffffffffffff max_cycles: 0x2f7a78d8787, max_idle_ns: 440795347541 ns
[    0.069868] Calibrating delay loop (skipped) preset value.. 6587.62 BogoMIPS (lpj=13175256)
[    0.069942] Last level iTLB entries: 4KB 512, 2MB 512, 4MB 256
[    0.069943] Last level dTLB entries: 4KB 2048, 2MB 2048, 4MB 1024, 1GB 0
[    0.069946] Spectre V1 : Mitigation: usercopy/swapgs barriers and __user pointer sanitization
[    0.069947] Spectre V2 : Mitigation: Retpolines
[    0.069948] Spectre V2 : Spectre v2 / SpectreRSB mitigation: Filling RSB on context switch
[    0.069949] Spectre V2 : Spectre v2 / SpectreRSB : Filling RSB on VMEXIT
[    0.069951] Speculative Return Stack Overflow: Mitigation: safe RET
[    0.069963] x86/fpu: Supporting XSAVE feature 0x001: 'x87 floating point registers'
[    0.069964] x86/fpu: Supporting XSAVE feature 0x002: 'SSE registers'
[    0.069965] x86/fpu: Supporting XSAVE feature 0x004: 'AVX registers'
[    0.069965] x86/fpu: xstate_offset[2]:  576, xstate_sizes[2]:  256
[    0.069966] x86/fpu: Enabled xstate features 0x7, context size is 832 bytes, using 'standard' format.
[    0.078473] Freeing SMP alternatives memory: 36K
[    0.078478] pid_max: default: 32768 minimum: 301
[    0.078508] LSM: Security Framework initializing
[    0.078521] landlock: Up and running.
[    0.078522] Yama: disabled by default; enable with sysctl kernel.yama.*
[    0.078542] AppArmor: AppArmor initialized
[    0.078544] TOMOYO Linux initialized
[    0.078549] LSM support for eBPF active
[    0.078884] Mount-cache hash table entries: 32768 (order: 6, 262144 bytes, linear)
[    0.078894] Mountpoint-cache hash table entries: 32768 (order: 6, 262144 bytes, linear)
[    0.185669] APIC calibration not consistent with PM-Timer: 98ms instead of 100ms
[    0.185673] APIC delta adjusted to PM-Timer: 6250151 (6169430)
[    0.185731] smpboot: CPU0: AMD Ryzen 5 5600H with Radeon Graphics (family: 0x19, model: 0x50, stepping: 0x0)
[    0.185866] cblist_init_generic: Setting adjustable number of callback queues.
[    0.185866] cblist_init_generic: Setting shift to 3 and lim to 1.
[    0.185866] cblist_init_generic: Setting adjustable number of callback queues.
[    0.185866] cblist_init_generic: Setting shift to 3 and lim to 1.
[    0.185866] cblist_init_generic: Setting adjustable number of callback queues.
[    0.185866] cblist_init_generic: Setting shift to 3 and lim to 1.
[    0.185866] Performance Events: PMU not available due to virtualization, using software events only.
[    0.185866] signal: max sigframe size: 1776
[    0.185866] rcu: Hierarchical SRCU implementation.
[    0.185866] rcu: 	Max phase no-delay instances is 1000.
[    0.185866] NMI watchdog: Perf NMI watchdog permanently disabled
[    0.185866] smp: Bringing up secondary CPUs ...
[    0.185866] x86: Booting SMP configuration:
[    0.185866] .... node  #0, CPUs:      #1 #2 #3 #4 #5
[    0.192513] smp: Brought up 1 node, 6 CPUs
[    0.192513] smpboot: Max logical packages: 1
[    0.192513] smpboot: Total of 6 processors activated (39525.76 BogoMIPS)
[    0.201904] node 0 deferred pages initialised in 12ms
[    0.202213] devtmpfs: initialized
[    0.202213] x86/mm: Memory block size: 128MB
[    0.203074] clocksource: jiffies: mask: 0xffffffff max_cycles: 0xffffffff, max_idle_ns: 7645041785100000 ns
[    0.203074] futex hash table entries: 2048 (order: 5, 131072 bytes, linear)
[    0.203074] pinctrl core: initialized pinctrl subsystem
[    0.203074] NET: Registered PF_NETLINK/PF_ROUTE protocol family
[    0.205899] DMA: preallocated 2048 KiB GFP_KERNEL pool for atomic allocations
[    0.206075] DMA: preallocated 2048 KiB GFP_KERNEL|GFP_DMA pool for atomic allocations
[    0.206276] DMA: preallocated 2048 KiB GFP_KERNEL|GFP_DMA32 pool for atomic allocations
[    0.206289] audit: initializing netlink subsys (disabled)
[    0.206335] audit: type=2000 audit(1721388122.546:1): state=initialized audit_enabled=0 res=1
[    0.206335] thermal_sys: Registered thermal governor 'fair_share'
[    0.206335] thermal_sys: Registered thermal governor 'bang_bang'
[    0.206335] thermal_sys: Registered thermal governor 'step_wise'
[    0.206335] thermal_sys: Registered thermal governor 'user_space'
[    0.206335] thermal_sys: Registered thermal governor 'power_allocator'
[    0.206335] cpuidle: using governor ladder
[    0.206335] cpuidle: using governor menu
[    0.206335] acpiphp: ACPI Hot Plug PCI Controller Driver version: 0.5
[    0.206335] PCI: Using configuration type 1 for base access
[    0.206335] PCI: Using configuration type 1 for extended access
[    0.207246] kprobes: kprobe jump-optimization is enabled. All kprobes are optimized if possible.
[    0.207263] HugeTLB: registered 2.00 MiB page size, pre-allocated 0 pages
[    0.207263] HugeTLB: 28 KiB vmemmap can be freed for a 2.00 MiB page
[    0.207263] ACPI: Added _OSI(Module Device)
[    0.207263] ACPI: Added _OSI(Processor Device)
[    0.207263] ACPI: Added _OSI(3.0 _SCP Extensions)
[    0.207263] ACPI: Added _OSI(Processor Aggregator Device)
[    0.207802] ACPI: 2 ACPI AML tables successfully acquired and loaded
[    0.210897] ACPI: Interpreter enabled
[    0.210897] ACPI: PM: (supports S0 S5)
[    0.210897] ACPI: Using IOAPIC for interrupt routing
[    0.210897] PCI: Using host bridge windows from ACPI; if necessary, use "pci=nocrs" and report a bug
[    0.210897] PCI: Using E820 reservations for host bridge windows
[    0.210897] ACPI: Enabled 2 GPEs in block 00 to 07
[    0.213707] ACPI: PCI Root Bridge [PCI0] (domain 0000 [bus 00-ff])
[    0.213713] acpi PNP0A03:00: _OSC: OS supports [ExtendedConfig ASPM ClockPM Segments MSI HPX-Type3]
[    0.213866] acpi PNP0A03:00: _OSC: platform does not support [PCIeCapability LTR]
[    0.213909] acpi PNP0A03:00: _OSC: not requesting control; platform does not support [PCIeCapability]
[    0.213912] acpi PNP0A03:00: _OSC: OS requested [PCIeHotplug SHPCHotplug PME AER PCIeCapability LTR]
[    0.213914] acpi PNP0A03:00: _OSC: platform willing to grant [PCIeHotplug SHPCHotplug PME AER]
[    0.213915] acpi PNP0A03:00: _OSC: platform retains control of PCIe features (AE_SUPPORT)
[    0.214220] PCI host bridge to bus 0000:00
[    0.214222] pci_bus 0000:00: root bus resource [io  0x0000-0x0cf7 window]
[    0.214225] pci_bus 0000:00: root bus resource [io  0x0d00-0xffff window]
[    0.214226] pci_bus 0000:00: root bus resource [mem 0x000a0000-0x000bffff window]
[    0.214228] pci_bus 0000:00: root bus resource [mem 0xe0000000-0xfdffffff window]
[    0.214230] pci_bus 0000:00: root bus resource [bus 00-ff]
[    0.214473] pci 0000:00:00.0: [8086:1237] type 00 class 0x060000
[    0.214799] pci 0000:00:01.0: [8086:7000] type 00 class 0x060100
[    0.215240] pci 0000:00:01.1: [8086:7111] type 00 class 0x01018a
[    0.215470] pci 0000:00:01.1: reg 0x20: [io  0xd000-0xd00f]
[    0.215568] pci 0000:00:01.1: legacy IDE quirk: reg 0x10: [io  0x01f0-0x01f7]
[    0.215570] pci 0000:00:01.1: legacy IDE quirk: reg 0x14: [io  0x03f6]
[    0.215571] pci 0000:00:01.1: legacy IDE quirk: reg 0x18: [io  0x0170-0x0177]
[    0.215572] pci 0000:00:01.1: legacy IDE quirk: reg 0x1c: [io  0x0376]
[    0.215690] pci 0000:00:02.0: [15ad:0405] type 00 class 0x030000
[    0.217866] pci 0000:00:02.0: reg 0x10: [io  0xd010-0xd01f]
[    0.217866] pci 0000:00:02.0: reg 0x14: [mem 0xe0000000-0xe0ffffff pref]
[    0.218049] pci 0000:00:02.0: reg 0x18: [mem 0xf0000000-0xf01fffff]
[    0.225835] pci 0000:00:02.0: Video device with shadowed ROM at [mem 0x000c0000-0x000dffff]
[    0.225866] pci 0000:00:03.0: [8086:100e] type 00 class 0x020000
[    0.225866] pci 0000:00:03.0: reg 0x10: [mem 0xf0200000-0xf021ffff]
[    0.225963] pci 0000:00:03.0: reg 0x18: [io  0xd020-0xd027]
[    0.230535] pci 0000:00:04.0: [80ee:cafe] type 00 class 0x088000
[    0.233866] pci 0000:00:04.0: reg 0x10: [io  0xd040-0xd05f]
[    0.233866] pci 0000:00:04.0: reg 0x14: [mem 0xf0400000-0xf07fffff]
[    0.233866] pci 0000:00:04.0: reg 0x18: [mem 0xf0800000-0xf0803fff pref]
[    0.237866] pci 0000:00:05.0: [8086:2415] type 00 class 0x040100
[    0.237866] pci 0000:00:05.0: reg 0x10: [io  0xd100-0xd1ff]
[    0.237866] pci 0000:00:05.0: reg 0x14: [io  0xd200-0xd23f]
[    0.237866] pci 0000:00:06.0: [106b:003f] type 00 class 0x0c0310
[    0.237981] pci 0000:00:06.0: reg 0x10: [mem 0xf0804000-0xf0804fff]
[    0.245866] pci 0000:00:07.0: [8086:7113] type 00 class 0x068000
[    0.245866] pci 0000:00:07.0: quirk: [io  0x4000-0x403f] claimed by PIIX4 ACPI
[    0.245866] pci 0000:00:07.0: quirk: [io  0x4100-0x410f] claimed by PIIX4 SMB
[    0.246065] pci 0000:00:0b.0: [8086:265c] type 00 class 0x0c0320
[    0.249535] pci 0000:00:0b.0: reg 0x10: [mem 0xf0805000-0xf0805fff]
[    0.253866] pci 0000:00:0d.0: [8086:2829] type 00 class 0x010601
[    0.257866] pci 0000:00:0d.0: reg 0x10: [io  0xd240-0xd247]
[    0.257866] pci 0000:00:0d.0: reg 0x14: [io  0xd248-0xd24b]
[    0.257866] pci 0000:00:0d.0: reg 0x18: [io  0xd250-0xd257]
[    0.257963] pci 0000:00:0d.0: reg 0x1c: [io  0xd258-0xd25b]
[    0.261680] pci 0000:00:0d.0: reg 0x20: [io  0xd260-0xd26f]
[    0.261866] pci 0000:00:0d.0: reg 0x24: [mem 0xf0806000-0xf0807fff]
[    0.263057] ACPI: PCI: Interrupt link LNKA configured for IRQ 11
[    0.263293] ACPI: PCI: Interrupt link LNKB configured for IRQ 10
[    0.263370] ACPI: PCI: Interrupt link LNKC configured for IRQ 9
[    0.263451] ACPI: PCI: Interrupt link LNKD configured for IRQ 11
[    0.265932] iommu: Default domain type: Translated 
[    0.265932] iommu: DMA domain TLB invalidation policy: lazy mode 
[    0.265980] pps_core: LinuxPPS API ver. 1 registered
[    0.265982] pps_core: Software ver. 5.3.6 - Copyright 2005-2007 Rodolfo Giometti <giometti@linux.it>
[    0.265986] PTP clock support registered
[    0.265998] EDAC MC: Ver: 3.0.0
[    0.266217] NetLabel: Initializing
[    0.266217] NetLabel:  domain hash size = 128
[    0.266217] NetLabel:  protocols = UNLABELED CIPSOv4 CALIPSO
[    0.266217] NetLabel:  unlabeled traffic allowed by default
[    0.266217] PCI: Using ACPI for IRQ routing
[    0.266217] PCI: pci_cache_line_size set to 64 bytes
[    0.266344] e820: reserve RAM buffer [mem 0x0009fc00-0x0009ffff]
[    0.266349] e820: reserve RAM buffer [mem 0xdfff0000-0xdfffffff]
[    0.266351] e820: reserve RAM buffer [mem 0x2c9e00000-0x2cbffffff]
[    0.266380] pci 0000:00:02.0: vgaarb: setting as boot VGA device
[    0.266380] pci 0000:00:02.0: vgaarb: bridge control possible
[    0.266380] pci 0000:00:02.0: vgaarb: VGA device added: decodes=io+mem,owns=io+mem,locks=none
[    0.266380] vgaarb: loaded
[    0.266380] clocksource: Switched to clocksource kvm-clock
[    0.279562] VFS: Disk quotas dquot_6.6.0
[    0.279576] VFS: Dquot-cache hash table entries: 512 (order 0, 4096 bytes)
[    0.279745] AppArmor: AppArmor Filesystem Enabled
[    0.279764] pnp: PnP ACPI init
[    0.280454] pnp: PnP ACPI: found 2 devices
[    0.288146] clocksource: acpi_pm: mask: 0xffffff max_cycles: 0xffffff, max_idle_ns: 2085701024 ns
[    0.288212] NET: Registered PF_INET protocol family
[    0.288685] IP idents hash table entries: 262144 (order: 9, 2097152 bytes, linear)
[    0.290553] tcp_listen_portaddr_hash hash table entries: 8192 (order: 5, 131072 bytes, linear)
[    0.290873] Table-perturb hash table entries: 65536 (order: 6, 262144 bytes, linear)
[    0.290939] TCP established hash table entries: 131072 (order: 8, 1048576 bytes, linear)
[    0.291400] TCP bind hash table entries: 65536 (order: 9, 2097152 bytes, linear)
[    0.291492] TCP: Hash tables configured (established 131072 bind 65536)
[    0.291579] MPTCP token hash table entries: 16384 (order: 6, 393216 bytes, linear)
[    0.291618] UDP hash table entries: 8192 (order: 6, 262144 bytes, linear)
[    0.291906] UDP-Lite hash table entries: 8192 (order: 6, 262144 bytes, linear)
[    0.291960] NET: Registered PF_UNIX/PF_LOCAL protocol family
[    0.291970] NET: Registered PF_XDP protocol family
[    0.291981] pci_bus 0000:00: resource 4 [io  0x0000-0x0cf7 window]
[    0.291986] pci_bus 0000:00: resource 5 [io  0x0d00-0xffff window]
[    0.291988] pci_bus 0000:00: resource 6 [mem 0x000a0000-0x000bffff window]
[    0.291990] pci_bus 0000:00: resource 7 [mem 0xe0000000-0xfdffffff window]
[    0.292033] pci 0000:00:00.0: Limiting direct PCI/PCI transfers
[    0.292138] PCI: CLS 0 bytes, default 64
[    0.292138] PCI-DMA: Using software bounce buffering for IO (SWIOTLB)
[    0.292138] software IO TLB: mapped [mem 0x00000000dbff0000-0x00000000dfff0000] (64MB)
[    0.294178] clocksource: tsc: mask: 0xffffffffffffffff max_cycles: 0x2f7a78d8787, max_idle_ns: 440795347541 ns
[    0.294229] clocksource: Switched to clocksource tsc
[    0.294240] Trying to unpack rootfs image as initramfs...
[    0.294255] platform rtc_cmos: registered platform RTC device (no PNP device found)
[    0.294960] Initialise system trusted keyrings
[    0.294971] Key type blacklist registered
[    0.295328] workingset: timestamp_bits=36 max_order=22 bucket_order=0
[    0.297191] zbud: loaded
[    0.297535] integrity: Platform Keyring initialized
[    0.297539] integrity: Machine keyring initialized
[    0.297541] Key type asymmetric registered
[    0.297543] Asymmetric key parser 'x509' registered
[    0.574602] Freeing initrd memory: 48780K
[    0.580853] alg: self-tests for CTR-KDF (hmac(sha256)) passed
[    0.580880] Block layer SCSI generic (bsg) driver version 0.4 loaded (major 248)
[    0.580956] io scheduler mq-deadline registered
[    0.581772] shpchp: Standard Hot Plug PCI Controller Driver version: 0.4
[    0.582191] Serial: 8250/16550 driver, 4 ports, IRQ sharing enabled
[    0.582625] Linux agpgart interface v0.103
[    0.582715] AMD-Vi: AMD IOMMUv2 functionality not available on this system - This is not a bug.
[    0.583312] i8042: PNP: PS/2 Controller [PNP0303:PS2K,PNP0f03:PS2M] at 0x60,0x64 irq 1,12
[    0.583689] serio: i8042 KBD port at 0x60,0x64 irq 1
[    0.583694] serio: i8042 AUX port at 0x60,0x64 irq 12
[    0.583802] mousedev: PS/2 mouse device common for all mice
[    0.584105] rtc_cmos rtc_cmos: registered as rtc0
[    0.584130] rtc_cmos rtc_cmos: setting system clock to 2024-07-18T22:55:41 UTC (1721343341)
[    0.584193] rtc_cmos rtc_cmos: alarms up to one day, 114 bytes nvram
[    0.584306] input: AT Translated Set 2 keyboard as /devices/platform/i8042/serio0/input/input0
[    0.584339] ledtrig-cpu: registered to indicate activity on CPUs
[    0.593640] NET: Registered PF_INET6 protocol family
[    0.598398] Segment Routing with IPv6
[    0.598412] In-situ OAM (IOAM) with IPv6
[    0.598434] mip6: Mobile IPv6
[    0.598438] NET: Registered PF_PACKET protocol family
[    0.598494] mpls_gso: MPLS GSO support
[    0.598826] IPI shorthand broadcast: enabled
[    0.598852] sched_clock: Marking stable (591426904, 7354326)->(748087660, -149306430)
[    0.599094] registered taskstats version 1
[    0.599103] Loading compiled-in X.509 certificates
[    0.610791] Loaded X.509 cert 'Debian Secure Boot CA: 6ccece7e4c6c0d1f6149f3dd27dfcc5cbb419ea1'
[    0.610810] Loaded X.509 cert 'Debian Secure Boot Signer 2022 - linux: 14011249c2675ea8e5148542202005810584b25f'
[    0.611516] zswap: loaded using pool lzo/zbud
[    0.611720] Key type .fscrypt registered
[    0.611722] Key type fscrypt-provisioning registered
[    0.616101] Key type encrypted registered
[    0.616105] AppArmor: AppArmor sha1 policy hashing enabled
[    0.616116] ima: No TPM chip found, activating TPM-bypass!
[    0.616117] ima: Allocated hash algorithm: sha256
[    0.616127] ima: No architecture policies found
[    0.616139] evm: Initialising EVM extended attributes:
[    0.616140] evm: security.selinux
[    0.616141] evm: security.SMACK64 (disabled)
[    0.616142] evm: security.SMACK64EXEC (disabled)
[    0.616143] evm: security.SMACK64TRANSMUTE (disabled)
[    0.616143] evm: security.SMACK64MMAP (disabled)
[    0.616144] evm: security.apparmor
[    0.616145] evm: security.ima
[    0.616146] evm: security.capability
[    0.616147] evm: HMAC attrs: 0x1
[    0.671398] clk: Disabling unused clocks
[    0.672782] Freeing unused decrypted memory: 2036K
[    0.673294] Freeing unused kernel image (initmem) memory: 2796K
[    0.673297] Write protecting the kernel read-only data: 26624k
[    0.673938] Freeing unused kernel image (text/rodata gap) memory: 2040K
[    0.674180] Freeing unused kernel image (rodata/data gap) memory: 1172K
[    0.717491] x86/mm: Checked W+X mappings: passed, no W+X pages found.
[    0.717497] Run /init as init process
[    0.717499]   with arguments:
[    0.717500]     /init
[    0.717501]   with environment:
[    0.717502]     HOME=/
[    0.717503]     TERM=linux
[    0.717504]     BOOT_IMAGE=/boot/vmlinuz-6.1.0-23-amd64
[    0.796250] input: Power Button as /devices/LNXSYSTM:00/LNXPWRBN:00/input/input2
[    0.798833] ACPI: video: Video Device [GFX0] (multi-head: yes  rom: no  post: no)
[    0.798934] input: Video Bus as /devices/LNXSYSTM:00/LNXSYBUS:00/PNP0A03:00/LNXVIDEO:00/input/input3
[    0.799649] ACPI: battery: Slot [BAT0] (battery present)
[    0.804765] e1000: Intel(R) PRO/1000 Network Driver
[    0.804777] e1000: Copyright (c) 1999-2006 Intel Corporation.
[    0.804942] piix4_smbus 0000:00:07.0: SMBus Host Controller at 0x4100, revision 0
[    0.810174] SCSI subsystem initialized
[    0.819790] ACPI: button: Power Button [PWRF]
[    0.819892] input: Sleep Button as /devices/LNXSYSTM:00/LNXSLPBN:00/input/input4
[    0.819973] ACPI: button: Sleep Button [SLPF]
[    0.823431] ACPI: bus type drm_connector registered
[    0.830987] ACPI: bus type USB registered
[    0.831017] usbcore: registered new interface driver usbfs
[    0.831030] usbcore: registered new interface driver hub
[    0.831041] usbcore: registered new device driver usb
[    0.833984] libata version 3.00 loaded.
[    0.836710] ehci-pci 0000:00:0b.0: EHCI Host Controller
[    0.836718] ehci-pci 0000:00:0b.0: new USB bus registered, assigned bus number 1
[    0.837369] ehci-pci 0000:00:0b.0: irq 19, io mem 0xf0805000
[    0.837830] ahci 0000:00:0d.0: version 3.0
[    0.839817] ata_piix 0000:00:01.1: version 2.13
[    0.840311] scsi host0: ata_piix
[    0.840450] ahci 0000:00:0d.0: SSS flag set, parallel bus scan disabled
[    0.840966] ahci 0000:00:0d.0: AHCI 0001.0100 32 slots 1 ports 3 Gbps 0x1 impl SATA mode
[    0.840971] ahci 0000:00:0d.0: flags: 64bit ncq stag only ccc 
[    0.841054] scsi host1: ata_piix
[    0.841093] ata1: PATA max UDMA/33 cmd 0x1f0 ctl 0x3f6 bmdma 0xd000 irq 14
[    0.841096] ata2: PATA max UDMA/33 cmd 0x170 ctl 0x376 bmdma 0xd008 irq 15
[    0.841886] scsi host2: ahci
[    0.842107] ata3: SATA max UDMA/133 abar m8192@0xf0806000 port 0xf0806100 irq 21
[    0.851579] ehci-pci 0000:00:0b.0: USB 2.0 started, EHCI 1.00
[    0.851808] usb usb1: New USB device found, idVendor=1d6b, idProduct=0002, bcdDevice= 6.01
[    0.851812] usb usb1: New USB device strings: Mfr=3, Product=2, SerialNumber=1
[    0.851815] usb usb1: Product: EHCI Host Controller
[    0.851817] usb usb1: Manufacturer: Linux 6.1.0-23-amd64 ehci_hcd
[    0.851818] usb usb1: SerialNumber: 0000:00:0b.0
[    0.852001] hub 1-0:1.0: USB hub found
[    0.852021] hub 1-0:1.0: 12 ports detected
[    1.016956] ata2.00: ATAPI: VBOX CD-ROM, 1.0, max UDMA/133
[    1.017710] scsi 1:0:0:0: CD-ROM            VBOX     CD-ROM           1.0  PQ: 0 ANSI: 5
[    1.046591] input: ImExPS/2 Generic Explorer Mouse as /devices/platform/i8042/serio1/input/input5
[    1.155171] e1000 0000:00:03.0 eth0: (PCI:33MHz:32-bit) 08:00:27:07:4d:2e
[    1.155179] e1000 0000:00:03.0 eth0: Intel(R) PRO/1000 Network Connection
[    1.160088] ata3: SATA link up 3.0 Gbps (SStatus 123 SControl 300)
[    1.160183] ata3.00: ATA-6: VBOX HARDDISK, 1.0, max UDMA/133
[    1.160186] ata3.00: 209715200 sectors, multi 128: LBA48 NCQ (depth 32)
[    1.160283] ata3.00: configured for UDMA/133
[    1.160476] scsi 2:0:0:0: Direct-Access     ATA      VBOX HARDDISK    1.0  PQ: 0 ANSI: 5
[    1.162736] ohci-pci 0000:00:06.0: OHCI PCI host controller
[    1.162752] ohci-pci 0000:00:06.0: new USB bus registered, assigned bus number 2
[    1.162811] ohci-pci 0000:00:06.0: irq 22, io mem 0xf0804000
[    1.177735] vmwgfx 0000:00:02.0: vgaarb: deactivate vga console
[    1.178180] Console: switching to colour dummy device 80x25
[    1.178810] vmwgfx 0000:00:02.0: [drm] FIFO at 0x00000000f0000000 size is 2048 kiB
[    1.178845] vmwgfx 0000:00:02.0: [drm] VRAM at 0x00000000e0000000 size is 16384 kiB
[    1.178854] vmwgfx 0000:00:02.0: [drm] Running on SVGA version 2.
[    1.178861] vmwgfx 0000:00:02.0: [drm] Capabilities: rect copy, cursor, cursor bypass, cursor bypass 2, alpha cursor, extended fifo, pitchlock, irq mask, gmr, traces, gmr2, screen object 2, command buffers, 
[    1.178863] vmwgfx 0000:00:02.0: [drm] DMA map mode: Caching DMA mappings.
[    1.178890] vmwgfx 0000:00:02.0: [drm] Legacy memory limits: VRAM = 16384 kB, FIFO = 2048 kB, surface = 507904 kB
[    1.178892] vmwgfx 0000:00:02.0: [drm] MOB limits: max mob size = 0 kB, max mob pages = 0
[    1.178894] vmwgfx 0000:00:02.0: [drm] Max GMR ids is 8192
[    1.178895] vmwgfx 0000:00:02.0: [drm] Max number of GMR pages is 1048576
[    1.178897] vmwgfx 0000:00:02.0: [drm] Maximum display memory size is 16384 kiB
[    1.179117] vmwgfx 0000:00:02.0: [drm] Screen Object display unit initialized
[    1.179307] vmwgfx 0000:00:02.0: [drm] Fifo max 0x00200000 min 0x00001000 cap 0x00000355
[    1.179682] vmwgfx 0000:00:02.0: [drm] Using command buffers with DMA pool.
[    1.179690] vmwgfx 0000:00:02.0: [drm] Available shader model: Legacy.
[    1.179695] [drm:vmw_host_printf [vmwgfx]] *ERROR* Failed to send host log message.
[    1.180136] [drm] Initialized vmwgfx 2.20.0 20211206 for 0000:00:02.0 on minor 0
[    1.181299] fbcon: vmwgfxdrmfb (fb0) is primary device
[    1.182205] Console: switching to colour frame buffer device 160x50
[    1.183399] vmwgfx 0000:00:02.0: [drm] fb0: vmwgfxdrmfb frame buffer device
[    1.187458] e1000 0000:00:03.0 enp0s3: renamed from eth0
[    1.219793] usb usb2: New USB device found, idVendor=1d6b, idProduct=0001, bcdDevice= 6.01
[    1.219800] usb usb2: New USB device strings: Mfr=3, Product=2, SerialNumber=1
[    1.219803] usb usb2: Product: OHCI PCI host controller
[    1.219805] usb usb2: Manufacturer: Linux 6.1.0-23-amd64 ohci_hcd
[    1.219806] usb usb2: SerialNumber: 0000:00:06.0
[    1.219998] hub 2-0:1.0: USB hub found
[    1.220024] hub 2-0:1.0: 12 ports detected
[    1.228060] sr 1:0:0:0: [sr0] scsi3-mmc drive: 32x/32x xa/form2 tray
[    1.228063] cdrom: Uniform CD-ROM driver Revision: 3.20
[    1.292090] sr 1:0:0:0: Attached scsi CD-ROM sr0
[    1.292458] sd 2:0:0:0: [sda] 209715200 512-byte logical blocks: (107 GB/100 GiB)
[    1.292470] sd 2:0:0:0: [sda] Write Protect is off
[    1.292473] sd 2:0:0:0: [sda] Mode Sense: 00 3a 00 00
[    1.292539] sd 2:0:0:0: [sda] Write cache: enabled, read cache: enabled, doesn't support DPO or FUA
[    1.292615] sd 2:0:0:0: [sda] Preferred minimum I/O size 512 bytes
[    1.293799]  sda: sda1 sda2 < sda5 >
[    1.293988] sd 2:0:0:0: [sda] Attached SCSI disk
[    1.664975] usb 2-1: new full-speed USB device number 2 using ohci-pci
[    2.152980] usb 2-1: New USB device found, idVendor=80ee, idProduct=0021, bcdDevice= 1.00
[    2.152987] usb 2-1: New USB device strings: Mfr=1, Product=3, SerialNumber=0
[    2.152989] usb 2-1: Product: USB Tablet
[    2.152991] usb 2-1: Manufacturer: VirtualBox
[    2.160411] hid: raw HID events driver (C) Jiri Kosina
[    2.169320] usbcore: registered new interface driver usbhid
[    2.169323] usbhid: USB HID core driver
[    2.170798] input: VirtualBox USB Tablet as /devices/pci0000:00/0000:00:06.0/usb2/2-1/2-1:1.0/0003:80EE:0021.0001/input/input6
[    2.170903] hid-generic 0003:80EE:0021.0001: input,hidraw0: USB HID v1.10 Mouse [VirtualBox USB Tablet] on usb-0000:00:06.0-1/input0
[    2.620217] PM: Image not found (code -22)
[    2.694597] EXT4-fs (sda1): mounted filesystem with ordered data mode. Quota mode: none.
[    2.753485] Not activating Mandatory Access Control as /sbin/tomoyo-init does not exist.
[    2.837226] systemd[1]: Inserted module 'autofs4'
[    2.856982] systemd[1]: systemd 252.26-1~deb12u2 running in system mode (+PAM +AUDIT +SELINUX +APPARMOR +IMA +SMACK +SECCOMP +GCRYPT -GNUTLS +OPENSSL +ACL +BLKID +CURL +ELFUTILS +FIDO2 +IDN2 -IDN +IPTC +KMOD +LIBCRYPTSETUP +LIBFDISK +PCRE2 -PWQUALITY +P11KIT +QRENCODE +TPM2 +BZIP2 +LZ4 +XZ +ZLIB +ZSTD -BPF_FRAMEWORK -XKBCOMMON +UTMP +SYSVINIT default-hierarchy=unified)
[    2.856987] systemd[1]: Detected virtualization oracle.
[    2.856991] systemd[1]: Detected architecture x86-64.
[    2.858358] systemd[1]: Hostname set to <debian>.
[    2.859527] systemd[1]: Invalid DMI field header.
[    3.272681] systemd[1]: Queued start job for default target graphical.target.
[    3.348650] systemd[1]: Created slice system-getty.slice - Slice /system/getty.
[    3.349003] systemd[1]: Created slice system-modprobe.slice - Slice /system/modprobe.
[    3.349228] systemd[1]: Created slice user.slice - User and Session Slice.
[    3.349298] systemd[1]: Started systemd-ask-password-wall.path - Forward Password Requests to Wall Directory Watch.
[    3.349468] systemd[1]: Set up automount proc-sys-fs-binfmt_misc.automount - Arbitrary Executable File Formats File System Automount Point.
[    3.349487] systemd[1]: Expecting device dev-disk-by\x2duuid-e4b4fd29\x2dd950\x2d4c29\x2db50b\x2da04d430bf5ae.device - /dev/disk/by-uuid/e4b4fd29-d950-4c29-b50b-a04d430bf5ae...
[    3.349505] systemd[1]: Reached target integritysetup.target - Local Integrity Protected Volumes.
[    3.349526] systemd[1]: Reached target nss-user-lookup.target - User and Group Name Lookups.
[    3.349538] systemd[1]: Reached target remote-fs.target - Remote File Systems.
[    3.349545] systemd[1]: Reached target slices.target - Slice Units.
[    3.349564] systemd[1]: Reached target veritysetup.target - Local Verity Protected Volumes.
[    3.349688] systemd[1]: Listening on systemd-fsckd.socket - fsck to fsckd communication Socket.
[    3.349745] systemd[1]: Listening on systemd-initctl.socket - initctl Compatibility Named Pipe.
[    3.350027] systemd[1]: Listening on systemd-journald-audit.socket - Journal Audit Socket.
[    3.350148] systemd[1]: Listening on systemd-journald-dev-log.socket - Journal Socket (/dev/log).
[    3.350268] systemd[1]: Listening on systemd-journald.socket - Journal Socket.
[    3.351344] systemd[1]: Listening on systemd-udevd-control.socket - udev Control Socket.
[    3.351446] systemd[1]: Listening on systemd-udevd-kernel.socket - udev Kernel Socket.
[    3.352300] systemd[1]: Mounting dev-hugepages.mount - Huge Pages File System...
[    3.353173] systemd[1]: Mounting dev-mqueue.mount - POSIX Message Queue File System...
[    3.354059] systemd[1]: Mounting sys-kernel-debug.mount - Kernel Debug File System...
[    3.354898] systemd[1]: Mounting sys-kernel-tracing.mount - Kernel Trace File System...
[    3.356415] systemd[1]: Starting keyboard-setup.service - Set the console keyboard layout...
[    3.357341] systemd[1]: Starting kmod-static-nodes.service - Create List of Static Device Nodes...
[    3.358297] systemd[1]: Starting modprobe@configfs.service - Load Kernel Module configfs...
[    3.359199] systemd[1]: Starting modprobe@dm_mod.service - Load Kernel Module dm_mod...
[    3.360229] systemd[1]: Starting modprobe@drm.service - Load Kernel Module drm...
[    3.361148] systemd[1]: Starting modprobe@efi_pstore.service - Load Kernel Module efi_pstore...
[    3.362084] systemd[1]: Starting modprobe@fuse.service - Load Kernel Module fuse...
[    3.363336] systemd[1]: Starting modprobe@loop.service - Load Kernel Module loop...
[    3.363458] systemd[1]: systemd-fsck-root.service - File System Check on Root Device was skipped because of an unmet condition check (ConditionPathExists=!/run/initramfs/fsck-root).
[    3.365288] systemd[1]: Starting systemd-journald.service - Journal Service...
[    3.368614] systemd[1]: Starting systemd-modules-load.service - Load Kernel Modules...
[    3.370112] systemd[1]: Starting systemd-remount-fs.service - Remount Root and Kernel File Systems...
[    3.371333] systemd[1]: Starting systemd-udev-trigger.service - Coldplug All udev Devices...
[    3.371479] loop: module loaded
[    3.372809] device-mapper: core: CONFIG_IMA_DISABLE_HTABLE is disabled. Duplicate IMA measurements will not be recorded in the IMA log.
[    3.372844] device-mapper: uevent: version 1.0.3
[    3.372924] device-mapper: ioctl: 4.47.0-ioctl (2022-07-28) initialised: dm-devel@redhat.com
[    3.374009] fuse: init (API version 7.37)
[    3.374371] systemd[1]: Mounted dev-hugepages.mount - Huge Pages File System.
[    3.374727] systemd[1]: Mounted dev-mqueue.mount - POSIX Message Queue File System.
[    3.374973] systemd[1]: Mounted sys-kernel-debug.mount - Kernel Debug File System.
[    3.375283] systemd[1]: Mounted sys-kernel-tracing.mount - Kernel Trace File System.
[    3.375718] systemd[1]: Finished kmod-static-nodes.service - Create List of Static Device Nodes.
[    3.376329] systemd[1]: modprobe@configfs.service: Deactivated successfully.
[    3.376563] systemd[1]: Finished modprobe@configfs.service - Load Kernel Module configfs.
[    3.376855] systemd[1]: modprobe@dm_mod.service: Deactivated successfully.
[    3.377016] systemd[1]: Finished modprobe@dm_mod.service - Load Kernel Module dm_mod.
[    3.377338] systemd[1]: modprobe@drm.service: Deactivated successfully.
[    3.377518] systemd[1]: Finished modprobe@drm.service - Load Kernel Module drm.
[    3.377928] systemd[1]: modprobe@efi_pstore.service: Deactivated successfully.
[    3.378112] systemd[1]: Finished modprobe@efi_pstore.service - Load Kernel Module efi_pstore.
[    3.378395] systemd[1]: modprobe@fuse.service: Deactivated successfully.
[    3.378565] systemd[1]: Finished modprobe@fuse.service - Load Kernel Module fuse.
[    3.378922] systemd[1]: modprobe@loop.service: Deactivated successfully.
[    3.379059] systemd[1]: Finished modprobe@loop.service - Load Kernel Module loop.
[    3.380818] systemd[1]: Mounting sys-fs-fuse-connections.mount - FUSE Control File System...
[    3.381534] EXT4-fs (sda1): re-mounted. Quota mode: none.
[    3.382475] systemd[1]: Mounting sys-kernel-config.mount - Kernel Configuration File System...
[    3.382572] systemd[1]: systemd-repart.service - Repartition Root Disk was skipped because no trigger condition checks were met.
[    3.383900] systemd[1]: Finished systemd-remount-fs.service - Remount Root and Kernel File Systems.
[    3.384957] systemd[1]: Mounted sys-fs-fuse-connections.mount - FUSE Control File System.
[    3.385289] systemd[1]: Mounted sys-kernel-config.mount - Kernel Configuration File System.
[    3.385550] systemd[1]: systemd-firstboot.service - First Boot Wizard was skipped because of an unmet condition check (ConditionFirstBoot=yes).
[    3.385632] systemd[1]: systemd-pstore.service - Platform Persistent Storage Archival was skipped because of an unmet condition check (ConditionDirectoryNotEmpty=/sys/fs/pstore).
[    3.386727] systemd[1]: Starting systemd-random-seed.service - Load/Save Random Seed...
[    3.388160] systemd[1]: Starting systemd-sysusers.service - Create System Users...
[    3.389366] lp: driver loaded but no devices found
[    3.394181] ppdev: user-space parallel port driver
[    3.395653] systemd[1]: Finished systemd-random-seed.service - Load/Save Random Seed.
[    3.395955] systemd[1]: first-boot-complete.target - First Boot Complete was skipped because of an unmet condition check (ConditionFirstBoot=yes).
[    3.401123] systemd[1]: Finished systemd-modules-load.service - Load Kernel Modules.
[    3.402297] systemd[1]: Starting systemd-sysctl.service - Apply Kernel Variables...
[    3.406386] systemd[1]: Finished systemd-sysusers.service - Create System Users.
[    3.407479] systemd[1]: Starting systemd-tmpfiles-setup-dev.service - Create Static Device Nodes in /dev...
[    3.407851] systemd[1]: Started systemd-journald.service - Journal Service.
[    3.414499] systemd-journald[270]: Received client request to flush runtime journal.
[    3.417085] systemd-journald[270]: File /var/log/journal/ba46e2dfaf084f3d99bc87075511f7e7/system.journal corrupted or uncleanly shut down, renaming and replacing.
[    3.480361] audit: type=1400 audit(1721343344.392:2): apparmor="STATUS" operation="profile_load" profile="unconfined" name="lsb_release" pid=312 comm="apparmor_parser"
[    3.480851] audit: type=1400 audit(1721343344.392:3): apparmor="STATUS" operation="profile_load" profile="unconfined" name="nvidia_modprobe" pid=313 comm="apparmor_parser"
[    3.480856] audit: type=1400 audit(1721343344.392:4): apparmor="STATUS" operation="profile_load" profile="unconfined" name="nvidia_modprobe//kmod" pid=313 comm="apparmor_parser"
[    3.481390] audit: type=1400 audit(1721343344.392:5): apparmor="STATUS" operation="profile_load" profile="unconfined" name="/usr/bin/man" pid=316 comm="apparmor_parser"
[    3.481395] audit: type=1400 audit(1721343344.392:6): apparmor="STATUS" operation="profile_load" profile="unconfined" name="man_filter" pid=316 comm="apparmor_parser"
[    3.481398] audit: type=1400 audit(1721343344.392:7): apparmor="STATUS" operation="profile_load" profile="unconfined" name="man_groff" pid=316 comm="apparmor_parser"
[    3.481659] audit: type=1400 audit(1721343344.392:8): apparmor="STATUS" operation="profile_load" profile="unconfined" name="libreoffice-oosplash" pid=317 comm="apparmor_parser"
[    3.484552] audit: type=1400 audit(1721343344.396:9): apparmor="STATUS" operation="profile_load" profile="unconfined" name="libreoffice-senddoc" pid=320 comm="apparmor_parser"
[    3.484928] audit: type=1400 audit(1721343344.396:10): apparmor="STATUS" operation="profile_load" profile="unconfined" name="libreoffice-xpdfimport" pid=322 comm="apparmor_parser"
[    3.576849] sr 1:0:0:0: Attached scsi generic sg0 type 5
[    3.579335] sd 2:0:0:0: Attached scsi generic sg1 type 0
[    3.621092] ACPI: AC: AC Adapter [AC] (on-line)
[    3.623346] input: PC Speaker as /devices/platform/pcspkr/input/input7
[    3.624873] vboxguest: host-version: 7.0.18r162988 0x8000000f
[    3.625429] vbg_heartbeat_init: Setting up heartbeat to trigger every 2000 milliseconds
[    3.628814] input: VirtualBox mouse integration as /devices/pci0000:00/0000:00:04.0/input/input8
[    3.647823] cryptd: max_cpu_qlen set to 1000
[    3.701079] Adding 998396k swap on /dev/sda5.  Priority:-2 extents:1 across:998396k FS
[    3.707047] AVX2 version of gcm_enc/dec engaged.
[    3.707211] AES CTR mode by8 optimization enabled
[    3.863670] intel_rapl_common: Found RAPL domain package
[    3.863674] intel_rapl_common: Found RAPL domain core
[    3.977755] snd_intel8x0 0000:00:05.0: allow list rate for 1028:0177 is 48000
[    5.685311] kauditd_printk_skb: 15 callbacks suppressed
[    5.685313] audit: type=1400 audit(1721343695.100:26): apparmor="DENIED" operation="capable" profile="/usr/sbin/cupsd" pid=616 comm="cupsd" capability=12  capname="net_admin"
[    5.743174] NET: Registered PF_QIPCRTR protocol family
[    5.763448] e1000: enp0s3 NIC Link is Up 1000 Mbps Full Duplex, Flow Control: RX
[    5.763720] IPv6: ADDRCONF(NETDEV_CHANGE): enp0s3: link becomes ready
[    8.045445] rfkill: input handler disabled
[   12.605527] rfkill: input handler enabled
[   13.856662] rfkill: input handler disabled
[  830.835990] clocksource: Long readout interval, skipping watchdog check: cs_nsec: 1675596980 wd_nsec: 1675596883
systemd-+-ModemManager---2*[{ModemManager}]
        |-NetworkManager---2*[{NetworkManager}]
        |-accounts-daemon---2*[{accounts-daemon}]
        |-avahi-daemon---avahi-daemon
        |-colord---2*[{colord}]
        |-cron
        |-cups-browsed---2*[{cups-browsed}]
        |-cupsd
        |-dbus-daemon
        |-fwupd---4*[{fwupd}]
        |-gdm3-+-gdm-session-wor-+-gdm-wayland-ses-+-gnome-session-b---3*[{gnome-session-b}]
        |      |                 |                 `-2*[{gdm-wayland-ses}]
        |      |                 `-2*[{gdm-session-wor}]
        |      `-2*[{gdm3}]
        |-geoclue---3*[{geoclue}]
        |-low-memory-moni---2*[{low-memory-moni}]
        |-packagekitd---2*[{packagekitd}]
        |-polkitd---2*[{polkitd}]
        |-power-profiles----2*[{power-profiles-}]
        |-rtkit-daemon---2*[{rtkit-daemon}]
        |-sshd
        |-switcheroo-cont---2*[{switcheroo-cont}]
        |-systemd-+-(sd-pam)
        |         |-at-spi2-registr---2*[{at-spi2-registr}]
        |         |-dbus-daemon
        |         |-dconf-service---2*[{dconf-service}]
        |         |-evolution-addre---5*[{evolution-addre}]
        |         |-evolution-calen---8*[{evolution-calen}]
        |         |-evolution-sourc---3*[{evolution-sourc}]
        |         |-gcr-ssh-agent---{gcr-ssh-agent}
        |         |-2*[gjs---8*[{gjs}]]
        |         |-gnome-calendar---5*[{gnome-calendar}]
        |         |-gnome-keyring-d---3*[{gnome-keyring-d}]
        |         |-gnome-session-b-+-at-spi-bus-laun-+-dbus-daemon
        |         |                 |                 `-3*[{at-spi-bus-laun}]
        |         |                 |-evolution-alarm---5*[{evolution-alarm}]
        |         |                 |-gnome-software---6*[{gnome-software}]
        |         |                 |-gsd-disk-utilit---2*[{gsd-disk-utilit}]
        |         |                 `-3*[{gnome-session-b}]
        |         |-gnome-session-c---{gnome-session-c}
        |         |-gnome-shell-+-Xwayland
        |         |             |-firefox-esr-+-14*[Isolated Web Co---21*[{Isolated Web Co}]]
        |         |             |             |-Isolated Web Co---24*[{Isolated Web Co}]
        |         |             |             |-3*[Isolated Web Co---22*[{Isolated Web Co}]]
        |         |             |             |-Isolated Web Co---23*[{Isolated Web Co}]
        |         |             |             |-Privileged Cont---22*[{Privileged Cont}]
        |         |             |             |-RDD Process---3*[{RDD Process}]
        |         |             |             |-Socket Process---4*[{Socket Process}]
        |         |             |             |-Utility Process---3*[{Utility Process}]
        |         |             |             |-2*[Web Content---16*[{Web Content}]]
        |         |             |             |-Web Content---17*[{Web Content}]
        |         |             |             |-WebExtensions---21*[{WebExtensions}]
        |         |             |             `-121*[{firefox-esr}]
        |         |             `-25*[{gnome-shell}]
        |         |-gnome-shell-cal---5*[{gnome-shell-cal}]
        |         |-gnome-terminal--+-bash---pstree
        |         |                 `-3*[{gnome-terminal-}]
        |         |-goa-daemon---3*[{goa-daemon}]
        |         |-goa-identity-se---2*[{goa-identity-se}]
        |         |-gsd-a11y-settin---3*[{gsd-a11y-settin}]
        |         |-gsd-color---3*[{gsd-color}]
        |         |-gsd-datetime---3*[{gsd-datetime}]
        |         |-gsd-housekeepin---3*[{gsd-housekeepin}]
        |         |-gsd-keyboard---3*[{gsd-keyboard}]
        |         |-gsd-media-keys---3*[{gsd-media-keys}]
        |         |-gsd-power---3*[{gsd-power}]
        |         |-gsd-print-notif---2*[{gsd-print-notif}]
        |         |-gsd-printer---2*[{gsd-printer}]
        |         |-gsd-rfkill---2*[{gsd-rfkill}]
        |         |-gsd-screensaver---2*[{gsd-screensaver}]
        |         |-gsd-sharing---3*[{gsd-sharing}]
        |         |-gsd-smartcard---4*[{gsd-smartcard}]
        |         |-gsd-sound---3*[{gsd-sound}]
        |         |-gsd-usb-protect---3*[{gsd-usb-protect}]
        |         |-gsd-wacom---3*[{gsd-wacom}]
        |         |-gsd-xsettings---3*[{gsd-xsettings}]
        |         |-gvfs-afc-volume---3*[{gvfs-afc-volume}]
        |         |-gvfs-goa-volume---2*[{gvfs-goa-volume}]
        |         |-gvfs-gphoto2-vo---2*[{gvfs-gphoto2-vo}]
        |         |-gvfs-mtp-volume---2*[{gvfs-mtp-volume}]
        |         |-gvfs-udisks2-vo---3*[{gvfs-udisks2-vo}]
        |         |-gvfsd-+-gvfsd-recent---2*[{gvfsd-recent}]
        |         |       |-gvfsd-trash---2*[{gvfsd-trash}]
        |         |       `-2*[{gvfsd}]
        |         |-gvfsd-fuse---5*[{gvfsd-fuse}]
        |         |-gvfsd-metadata---2*[{gvfsd-metadata}]
        |         |-ibus-portal---2*[{ibus-portal}]
        |         |-ibus-x11---2*[{ibus-x11}]
        |         |-pipewire---{pipewire}
        |         |-pipewire-pulse---{pipewire-pulse}
        |         |-sd_dummy---2*[{sd_dummy}]
        |         |-sd_espeak-ng---{sd_espeak-ng}
        |         |-sh---ibus-daemon-+-ibus-dconf---3*[{ibus-dconf}]
        |         |                  |-ibus-engine-sim---2*[{ibus-engine-sim}]
        |         |                  |-ibus-extension----3*[{ibus-extension-}]
        |         |                  `-2*[{ibus-daemon}]
        |         |-speech-dispatch---4*[{speech-dispatch}]
        |         |-ssh-agent
        |         |-tracker-extract---5*[{tracker-extract}]
        |         |-tracker-miner-f---6*[{tracker-miner-f}]
        |         |-wireplumber---3*[{wireplumber}]
        |         |-xdg-desktop-por---6*[{xdg-desktop-por}]
        |         |-2*[xdg-desktop-por---3*[{xdg-desktop-por}]]
        |         |-xdg-document-po-+-fusermount3
        |         |                 `-6*[{xdg-document-po}]
        |         `-xdg-permission----2*[{xdg-permission-}]
        |-systemd-journal
        |-systemd-logind
        |-systemd-timesyn---{systemd-timesyn}
        |-systemd-udevd
        |-udisksd---4*[{udisksd}]
        |-upowerd---2*[{upowerd}]
        `-wpa_supplicant
accountsservice					install
acl						install
adduser						install
adwaita-icon-theme				install
aisleriot					install
alsa-topology-conf				install
alsa-ucm-conf					install
alsa-utils					install
amd64-microcode					install
anacron						install
apache2-bin					install
apg						install
apparmor					install
appstream					install
apt						install
apt-config-icons				install
apt-listchanges					install
apt-utils					install
aspell						install
aspell-en					install
at-spi2-common					install
at-spi2-core					install
avahi-autoipd					install
avahi-daemon					install
baobab						install
base-files					install
base-passwd					install
bash						install
bash-completion					install
bc						install
bind9-dnsutils					install
bind9-host					install
bind9-libs:amd64				install
binutils					install
binutils-common:amd64				install
binutils-x86-64-linux-gnu			install
bluetooth					install
bluez						install
bluez-obexd					install
bogofilter					install
bogofilter-bdb					install
bogofilter-common				install
bolt						install
brasero-common					install
bsdextrautils					install
bsdutils					install
bubblewrap					install
build-essential					install
busybox						install
bzip2						install
ca-certificates					install
cdrdao						install
cheese						install
cheese-common					install
chrome-gnome-shell				install
chrpath						install
coinor-libcbc3:amd64				install
coinor-libcgl1:amd64				install
coinor-libclp1:amd64				install
coinor-libcoinmp1v5:amd64			install
coinor-libcoinutils3v5:amd64			install
coinor-libosi1v5:amd64				install
colord						install
colord-data					install
console-setup					install
console-setup-linux				install
coreutils					install
cpio						install
cpp						install
cpp-12						install
cracklib-runtime				install
cron						install
cron-daemon-common				install
cups						install
cups-browsed					install
cups-client					install
cups-common					install
cups-core-drivers				install
cups-daemon					install
cups-filters					install
cups-filters-core-drivers			install
cups-ipp-utils					install
cups-pk-helper					install
cups-ppdc					install
cups-server-common				install
dash						install
dbus						install
dbus-bin					install
dbus-daemon					install
dbus-session-bus-common				install
dbus-system-bus-common				install
dbus-user-session				install
dconf-cli					install
dconf-gsettings-backend:amd64			install
dconf-service					install
debconf						install
debconf-i18n					install
debian-archive-keyring				install
debian-faq					install
debianutils					install
desktop-base					install
desktop-file-utils				install
dictionaries-common				install
diffstat					install
diffutils					install
dirmngr						install
discover					install
discover-data					install
distro-info-data				install
dkms						install
dmidecode					install
dmsetup						install
dns-root-data					install
dnsmasq-base					install
doc-debian					install
docbook-xml					install
dosfstools					install
dpkg						install
dpkg-dev					install
e2fsprogs					install
eject						install
emacsen-common					install
enchant-2					install
eog						install
espeak-ng-data:amd64				install
evince						install
evince-common					install
evolution					install
evolution-common				install
evolution-data-server				install
evolution-data-server-common			install
evolution-plugin-bogofilter			install
evolution-plugin-pstimport			install
evolution-plugins				install
exfatprogs					install
fakeroot					install
fdisk						install
file						install
file-roller					install
findutils					install
firefox-esr					install
firmware-linux-free				install
five-or-more					install
folks-common					install
fontconfig					install
fontconfig-config				install
fonts-cantarell					install
fonts-dejavu					install
fonts-dejavu-core				install
fonts-dejavu-extra				install
fonts-droid-fallback				install
fonts-liberation2				install
fonts-noto-color-emoji				install
fonts-noto-mono					install
fonts-opensymbol				install
fonts-quicksand					install
fonts-symbola					install
fonts-urw-base35				install
four-in-a-row					install
fuse3						install
fwupd						install
fwupd-amd64-signed				install
g++						install
g++-12						install
gawk						install
gcc						install
gcc-12						install
gcc-12-base:amd64				install
gcr						install
gdisk						install
gdm3						install
geoclue-2.0					install
geocode-glib-common				install
gettext-base					install
ghostscript					install
gir1.2-accountsservice-1.0:amd64		install
gir1.2-adw-1:amd64				install
gir1.2-atk-1.0:amd64				install
gir1.2-atspi-2.0:amd64				install
gir1.2-clutter-1.0:amd64			install
gir1.2-cogl-1.0:amd64				install
gir1.2-coglpango-1.0:amd64			install
gir1.2-evince-3.0:amd64				install
gir1.2-freedesktop:amd64			install
gir1.2-gck-1:amd64				install
gir1.2-gcr-3:amd64				install
gir1.2-gdesktopenums-3.0:amd64			install
gir1.2-gdkpixbuf-2.0:amd64			install
gir1.2-gdm-1.0					install
gir1.2-geoclue-2.0:amd64			install
gir1.2-geocodeglib-2.0:amd64			install
gir1.2-glib-2.0:amd64				install
gir1.2-gmenu-3.0:amd64				install
gir1.2-gnomebluetooth-3.0:amd64			install
gir1.2-gnomedesktop-3.0:amd64			install
gir1.2-gnomedesktop-4.0:amd64			install
gir1.2-goa-1.0:amd64				install
gir1.2-graphene-1.0:amd64			install
gir1.2-grilo-0.3:amd64				install
gir1.2-gst-plugins-bad-1.0:amd64		install
gir1.2-gst-plugins-base-1.0:amd64		install
gir1.2-gstreamer-1.0:amd64			install
gir1.2-gtk-3.0:amd64				install
gir1.2-gtk-4.0:amd64				install
gir1.2-gtkclutter-1.0:amd64			install
gir1.2-gtksource-4:amd64			install
gir1.2-gweather-4.0:amd64			install
gir1.2-handy-1:amd64				install
gir1.2-harfbuzz-0.0:amd64			install
gir1.2-ibus-1.0:amd64				install
gir1.2-javascriptcoregtk-4.0:amd64		install
gir1.2-javascriptcoregtk-4.1:amd64		install
gir1.2-json-1.0:amd64				install
gir1.2-malcontent-0:amd64			install
gir1.2-mediaart-2.0:amd64			install
gir1.2-mutter-11:amd64				install
gir1.2-nm-1.0:amd64				install
gir1.2-nma-1.0:amd64				install
gir1.2-notify-0.7:amd64				install
gir1.2-packagekitglib-1.0			install
gir1.2-pango-1.0:amd64				install
gir1.2-peas-1.0:amd64				install
gir1.2-polkit-1.0				install
gir1.2-rb-3.0:amd64				install
gir1.2-rest-1.0:amd64				install
gir1.2-rsvg-2.0:amd64				install
gir1.2-secret-1:amd64				install
gir1.2-shumate-1.0:amd64			install
gir1.2-soup-2.4:amd64				install
gir1.2-soup-3.0:amd64				install
gir1.2-totem-1.0:amd64				install
gir1.2-totemplparser-1.0:amd64			install
gir1.2-tracker-3.0:amd64			install
gir1.2-upowerglib-1.0:amd64			install
gir1.2-webkit2-4.0:amd64			install
gir1.2-webkit2-4.1:amd64			install
gir1.2-wnck-3.0:amd64				install
git						install
git-man						install
gjs						install
gkbd-capplet					install
glib-networking:amd64				install
glib-networking-common				install
glib-networking-services			install
gnome						install
gnome-2048					install
gnome-accessibility-themes			install
gnome-backgrounds				install
gnome-bluetooth-3-common			install
gnome-bluetooth-sendto				install
gnome-browser-connector				install
gnome-calculator				install
gnome-calendar					install
gnome-characters				install
gnome-chess					install
gnome-clocks					install
gnome-color-manager				install
gnome-contacts					install
gnome-control-center				install
gnome-control-center-data			install
gnome-core					install
gnome-desktop3-data				install
gnome-disk-utility				install
gnome-font-viewer				install
gnome-games					install
gnome-icon-theme				install
gnome-initial-setup				install
gnome-keyring					install
gnome-keyring-pkcs11:amd64			install
gnome-klotski					install
gnome-logs					install
gnome-mahjongg					install
gnome-maps					install
gnome-menus					install
gnome-mines					install
gnome-music					install
gnome-nibbles					install
gnome-online-accounts				install
gnome-remote-desktop				install
gnome-robots					install
gnome-screenshot				install
gnome-session					install
gnome-session-bin				install
gnome-session-common				install
gnome-settings-daemon				install
gnome-settings-daemon-common			install
gnome-shell					install
gnome-shell-common				install
gnome-shell-extension-prefs			install
gnome-shell-extensions				install
gnome-software					install
gnome-software-common				install
gnome-sound-recorder				install
gnome-sudoku					install
gnome-sushi					install
gnome-system-monitor				install
gnome-taquin					install
gnome-terminal					install
gnome-terminal-data				install
gnome-tetravex					install
gnome-text-editor				install
gnome-themes-extra:amd64			install
gnome-themes-extra-data				install
gnome-tweaks					install
gnome-user-docs					install
gnome-user-share				install
gnome-video-effects				install
gnome-weather					install
gnupg						install
gnupg-l10n					install
gnupg-utils					install
gpg						install
gpg-agent					install
gpg-wks-client					install
gpg-wks-server					install
gpgconf						install
gpgsm						install
gpgv						install
grep						install
grilo-plugins-0.3:amd64				install
groff-base					install
grub-common					install
grub-pc						install
grub-pc-bin					install
grub2-common					install
gsettings-desktop-schemas			install
gsfonts						install
gstreamer1.0-clutter-3.0:amd64			install
gstreamer1.0-gl:amd64				install
gstreamer1.0-gtk3:amd64				install
gstreamer1.0-libav:amd64			install
gstreamer1.0-packagekit				install
gstreamer1.0-pipewire:amd64			install
gstreamer1.0-plugins-bad:amd64			install
gstreamer1.0-plugins-base:amd64			install
gstreamer1.0-plugins-good:amd64			install
gstreamer1.0-plugins-ugly:amd64			install
gstreamer1.0-x:amd64				install
gtk-update-icon-cache				install
gtk2-engines-pixbuf:amd64			install
guile-3.0-libs:amd64				install
gvfs:amd64					install
gvfs-backends					install
gvfs-common					install
gvfs-daemons					install
gvfs-fuse					install
gvfs-libs:amd64					install
gzip						install
hicolor-icon-theme				install
hitori						install
hoichess					install
hostname					install
hunspell-en-us					install
hyphen-en-us					install
i965-va-driver:amd64				install
iagno						install
iamerican					install
ibritish					install
ibus						install
ibus-data					install
ibus-gtk:amd64					install
ibus-gtk3:amd64					install
ibus-gtk4:amd64					install
ienglish-common					install
ifupdown					install
iio-sensor-proxy				install
im-config					install
imagemagick-6-common				install
inetutils-telnet				install
init						install
init-system-helpers				install
initramfs-tools					install
initramfs-tools-core				install
installation-report				install
intel-media-va-driver:amd64			install
ipp-usb						install
iproute2					install
iputils-ping					install
isc-dhcp-client					install
isc-dhcp-common					install
iso-codes					install
ispell						install
iw						install
javascript-common				install
jq						install
kbd						install
keyboard-configuration				install
klibc-utils					install
kmod						install
krb5-locales					install
laptop-detect					install
less						install
liba52-0.7.4:amd64				install
libaa1:amd64					install
libaacs0:amd64					install
libabsl20220623:amd64				install
libabw-0.1-1:amd64				install
libaccountsservice0:amd64			install
libacl1:amd64					install
libadwaita-1-0:amd64				install
libalgorithm-diff-perl				install
libalgorithm-diff-xs-perl:amd64			install
libalgorithm-merge-perl				install
libao-common					install
libao4:amd64					install
libaom3:amd64					install
libapache2-mod-dnssd				install
libapparmor1:amd64				install
libappstream4:amd64				install
libapr1:amd64					install
libaprutil1:amd64				install
libaprutil1-dbd-sqlite3:amd64			install
libaprutil1-ldap:amd64				install
libapt-pkg6.0:amd64				install
libarchive13:amd64				install
libargon2-1:amd64				install
libasan8:amd64					install
libasound2:amd64				install
libasound2-data					install
libaspell15:amd64				install
libass9:amd64					install
libassuan0:amd64				install
libasyncns0:amd64				install
libatasmart4:amd64				install
libatk-adaptor:amd64				install
libatk-bridge2.0-0:amd64			install
libatk1.0-0:amd64				install
libatkmm-1.6-1v5:amd64				install
libatomic1:amd64				install
libatopology2:amd64				install
libatspi2.0-0:amd64				install
libattr1:amd64					install
libaudio2:amd64					install
libaudit-common					install
libaudit1:amd64					install
libauthen-sasl-perl				install
libavahi-client3:amd64				install
libavahi-common-data:amd64			install
libavahi-common3:amd64				install
libavahi-core7:amd64				install
libavahi-glib1:amd64				install
libavc1394-0:amd64				install
libavcodec59:amd64				install
libavfilter8:amd64				install
libavformat59:amd64				install
libavif15:amd64					install
libavutil57:amd64				install
libayatana-appindicator3-1			install
libayatana-ido3-0.4-0:amd64			install
libayatana-indicator3-7:amd64			install
libbdplus0:amd64				install
libbinutils:amd64				install
libblas3:amd64					install
libblkid1:amd64					install
libblockdev-crypto2:amd64			install
libblockdev-fs2:amd64				install
libblockdev-loop2:amd64				install
libblockdev-part-err2:amd64			install
libblockdev-part2:amd64				install
libblockdev-swap2:amd64				install
libblockdev-utils2:amd64			install
libblockdev2:amd64				install
libbluetooth3:amd64				install
libbluray2:amd64				install
libboost-filesystem1.74.0:amd64			install
libboost-iostreams1.74.0:amd64			install
libboost-locale1.74.0:amd64			install
libboost-thread1.74.0:amd64			install
libbox2d2:amd64					install
libbpf1:amd64					install
libbrasero-media3-1:amd64			install
libbrlapi0.8:amd64				install
libbrotli1:amd64				install
libbs2b0:amd64					install
libbsd0:amd64					install
libburn4:amd64					install
libbz2-1.0:amd64				install
libc-bin					install
libc-dev-bin					install
libc-devtools					install
libc-l10n					install
libc6:amd64					install
libc6-dev:amd64					install
libcaca0:amd64					install
libcairo-gobject-perl				install
libcairo-gobject2:amd64				install
libcairo-perl					install
libcairo-script-interpreter2:amd64		install
libcairo2:amd64					install
libcairomm-1.0-1v5:amd64			install
libcamel-1.2-64:amd64				install
libcanberra-gtk3-0:amd64			install
libcanberra-gtk3-module:amd64			install
libcanberra-pulse:amd64				install
libcanberra0:amd64				install
libcap-ng0:amd64				install
libcap2:amd64					install
libcap2-bin					install
libcbor0.8:amd64				install
libcc1-0:amd64					install
libcdio-cdda2:amd64				install
libcdio-paranoia2:amd64				install
libcdio19:amd64					install
libcdparanoia0:amd64				install
libcdr-0.1-1:amd64				install
libcheese-gtk25:amd64				install
libcheese8:amd64				install
libchromaprint1:amd64				install
libcjson1:amd64					install
libclone-perl:amd64				install
libcloudproviders0:amd64			install
libclucene-contribs1v5:amd64			install
libclucene-core1v5:amd64			install
libclutter-1.0-0:amd64				install
libclutter-1.0-common				install
libclutter-gst-3.0-0:amd64			install
libclutter-gtk-1.0-0:amd64			install
libcmark0.30.2:amd64				install
libcodec2-1.0:amd64				install
libcogl-common					install
libcogl-pango20:amd64				install
libcogl-path20:amd64				install
libcogl20:amd64					install
libcolamd2:amd64				install
libcolord-gtk4-1:amd64				install
libcolord2:amd64				install
libcolorhug2:amd64				install
libcom-err2:amd64				install
libcrack2:amd64					install
libcrypt-dev:amd64				install
libcrypt1:amd64					install
libcryptsetup12:amd64				install
libctf-nobfd0:amd64				install
libctf0:amd64					install
libcue2:amd64					install
libcups2:amd64					install
libcupsfilters1:amd64				install
libcurl3-gnutls:amd64				install
libcurl4:amd64					install
libdaemon0:amd64				install
libdata-dump-perl				install
libdatrie1:amd64				install
libdav1d6:amd64					install
libdb5.3:amd64					install
libdbus-1-3:amd64				install
libdbus-glib-1-2:amd64				install
libdbusmenu-glib4:amd64				install
libdbusmenu-gtk3-4:amd64			install
libdc1394-25:amd64				install
libdca0:amd64					install
libdconf1:amd64					install
libde265-0:amd64				install
libdebconfclient0:amd64				install
libdecor-0-0:amd64				install
libdecor-0-plugin-1-cairo:amd64			install
libdee-1.0-4:amd64				install
libdeflate0:amd64				install
libdevmapper1.02.1:amd64			install
libdirectfb-1.7-7:amd64				install
libdiscover2					install
libdjvulibre-text				install
libdjvulibre21:amd64				install
libdmapsharing-3.0-2:amd64			install
libdotconf0:amd64				install
libdpkg-perl					install
libdrm-amdgpu1:amd64				install
libdrm-common					install
libdrm-intel1:amd64				install
libdrm-nouveau2:amd64				install
libdrm-radeon1:amd64				install
libdrm2:amd64					install
libduktape207:amd64				install
libdv4:amd64					install
libdvdnav4:amd64				install
libdvdread8:amd64				install
libdw1:amd64					install
libe-book-0.1-1:amd64				install
libebackend-1.2-11:amd64			install
libebook-1.2-21:amd64				install
libebook-contacts-1.2-4:amd64			install
libecal-2.0-2:amd64				install
libedata-book-1.2-27:amd64			install
libedata-cal-2.0-2:amd64			install
libedataserver-1.2-27:amd64			install
libedataserverui-1.2-4:amd64			install
libedataserverui4-1.0-0:amd64			install
libedit2:amd64					install
libeditorconfig0:amd64				install
libefiboot1:amd64				install
libefivar1:amd64				install
libegl-mesa0:amd64				install
libegl1:amd64					install
libelf1:amd64					install
libenchant-2-2:amd64				install
libencode-locale-perl				install
libeot0:amd64					install
libepoxy0:amd64					install
libept1.6.0:amd64				install
libepubgen-0.1-1:amd64				install
liberror-perl					install
libespeak-ng1:amd64				install
libetonyek-0.1-1:amd64				install
libevdev2:amd64					install
libevdocument3-4:amd64				install
libevent-2.1-7:amd64				install
libevolution					install
libevview3-3:amd64				install
libexempi8:amd64				install
libexif12:amd64					install
libexiv2-27:amd64				install
libexpat1:amd64					install
libexpat1-dev:amd64				install
libext2fs2:amd64				install
libexttextcat-2.0-0:amd64			install
libexttextcat-data				install
libextutils-depends-perl			install
libfaad2:amd64					install
libfakeroot:amd64				install
libfdisk1:amd64					install
libffi8:amd64					install
libfftw3-double3:amd64				install
libfftw3-single3:amd64				install
libfido2-1:amd64				install
libfile-basedir-perl				install
libfile-desktopentry-perl			install
libfile-fcntllock-perl				install
libfile-listing-perl				install
libfile-mimeinfo-perl				install
libflac12:amd64					install
libflashrom1:amd64				install
libflatpak0:amd64				install
libflite1:amd64					install
libfluidsynth3:amd64				install
libfolks-eds26:amd64				install
libfolks26:amd64				install
libfont-afm-perl				install
libfontconfig1:amd64				install
libfontembed1:amd64				install
libfontenc1:amd64				install
libfreeaptx0:amd64				install
libfreehand-0.1-1				install
libfreerdp-server2-2:amd64			install
libfreerdp2-2:amd64				install
libfreetype6:amd64				install
libfribidi0:amd64				install
libfstrm0:amd64					install
libftdi1-2:amd64				install
libfuse2:amd64					install
libfuse3-3:amd64				install
libfwupd2:amd64					install
libgail-3-0:amd64				install
libgail-common:amd64				install
libgail18:amd64					install
libgav1-1:amd64					install
libgbm1:amd64					install
libgc1:amd64					install
libgcab-1.0-0:amd64				install
libgcc-12-dev:amd64				install
libgcc-s1:amd64					install
libgck-1-0:amd64				install
libgcr-base-3-1:amd64				install
libgcr-ui-3-1:amd64				install
libgcrypt20:amd64				install
libgd3:amd64					install
libgdata-common					install
libgdata22:amd64				install
libgdbm-compat4:amd64				install
libgdbm6:amd64					install
libgdk-pixbuf-2.0-0:amd64			install
libgdk-pixbuf2.0-bin				install
libgdk-pixbuf2.0-common				install
libgdm1						install
libgee-0.8-2:amd64				install
libgeoclue-2-0:amd64				install
libgeocode-glib-2-0:amd64			install
libges-1.0-0					install
libgexiv2-2:amd64				install
libgfortran5:amd64				install
libgif7:amd64					install
libgirepository-1.0-1:amd64			install
libgjs0g:amd64					install
libgl1:amd64					install
libgl1-mesa-dri:amd64				install
libglapi-mesa:amd64				install
libgles2:amd64					install
libglib-object-introspection-perl		install
libglib-perl:amd64				install
libglib2.0-0:amd64				install
libglib2.0-bin					install
libglib2.0-data					install
libglibmm-2.4-1v5:amd64				install
libglu1-mesa:amd64				install
libglvnd0:amd64					install
libglx-mesa0:amd64				install
libglx0:amd64					install
libgme0:amd64					install
libgmp10:amd64					install
libgnome-autoar-0-0:amd64			install
libgnome-autoar-gtk-0-0:amd64			install
libgnome-bg-4-2:amd64				install
libgnome-bluetooth-3.0-13:amd64			install
libgnome-bluetooth-ui-3.0-13:amd64		install
libgnome-desktop-3-20:amd64			install
libgnome-desktop-4-2:amd64			install
libgnome-games-support-1-3:amd64		install
libgnome-games-support-common			install
libgnome-menu-3-0:amd64				install
libgnome-rr-4-2:amd64				install
libgnomekbd-common				install
libgnomekbd8:amd64				install
libgnutls30:amd64				install
libgoa-1.0-0b:amd64				install
libgoa-1.0-common				install
libgoa-backend-1.0-1:amd64			install
libgom-1.0-0:amd64				install
libgomp1:amd64					install
libgpg-error0:amd64				install
libgpgme11:amd64				install
libgpgmepp6:amd64				install
libgphoto2-6:amd64				install
libgphoto2-l10n					install
libgphoto2-port12:amd64				install
libgpm2:amd64					install
libgpod-common					install
libgpod4:amd64					install
libgprofng0:amd64				install
libgraphene-1.0-0:amd64				install
libgraphite2-3:amd64				install
libgrilo-0.3-0:amd64				install
libgs-common					install
libgs10:amd64					install
libgs10-common					install
libgsf-1-114:amd64				install
libgsf-1-common					install
libgsf-bin					install
libgsl27:amd64					install
libgslcblas0:amd64				install
libgsm1:amd64					install
libgsound0:amd64				install
libgspell-1-2:amd64				install
libgspell-1-common				install
libgssapi-krb5-2:amd64				install
libgssdp-1.6-0:amd64				install
libgstreamer-gl1.0-0:amd64			install
libgstreamer-plugins-bad1.0-0:amd64		install
libgstreamer-plugins-base1.0-0:amd64		install
libgstreamer1.0-0:amd64				install
libgtk-3-0:amd64				install
libgtk-3-bin					install
libgtk-3-common					install
libgtk-4-1:amd64				install
libgtk-4-bin					install
libgtk-4-common					install
libgtk2.0-0:amd64				install
libgtk2.0-bin					install
libgtk2.0-common				install
libgtk3-perl					install
libgtkmm-3.0-1v5:amd64				install
libgtksourceview-4-0:amd64			install
libgtksourceview-4-common			install
libgtksourceview-5-0:amd64			install
libgtksourceview-5-common			install
libgtop-2.0-11:amd64				install
libgtop2-common					install
libgudev-1.0-0:amd64				install
libgupnp-1.6-0:amd64				install
libgupnp-av-1.0-3				install
libgupnp-dlna-2.0-4				install
libgupnp-igd-1.0-4:amd64			install
libgusb2:amd64					install
libgweather-4-0:amd64				install
libgweather-4-common				install
libgxps2:amd64					install
libhandy-1-0:amd64				install
libharfbuzz-icu0:amd64				install
libharfbuzz0b:amd64				install
libheif1:amd64					install
libhogweed6:amd64				install
libhtml-form-perl				install
libhtml-format-perl				install
libhtml-parser-perl:amd64			install
libhtml-tagset-perl				install
libhtml-tree-perl				install
libhttp-cookies-perl				install
libhttp-daemon-perl				install
libhttp-date-perl				install
libhttp-message-perl				install
libhttp-negotiate-perl				install
libhunspell-1.7-0:amd64				install
libhwy1:amd64					install
libhyphen0:amd64				install
libibus-1.0-5:amd64				install
libical3:amd64					install
libice6:amd64					install
libicu72:amd64					install
libidn12:amd64					install
libidn2-0:amd64					install
libiec61883-0:amd64				install
libieee1284-3:amd64				install
libigdgmm12:amd64				install
libijs-0.35:amd64				install
libimath-3-1-29:amd64				install
libimobiledevice6:amd64				install
libinput-bin					install
libinput10:amd64				install
libinstpatch-1.0-2:amd64			install
libio-html-perl					install
libio-socket-ssl-perl				install
libio-stringy-perl				install
libip4tc2:amd64					install
libipc-system-simple-perl			install
libiptcdata0					install
libisl23:amd64					install
libisofs6:amd64					install
libitm1:amd64					install
libiw30:amd64					install
libjack-jackd2-0:amd64				install
libjansson4:amd64				install
libjavascriptcoregtk-4.0-18:amd64		install
libjavascriptcoregtk-4.1-0:amd64		install
libjavascriptcoregtk-6.0-1:amd64		install
libjaylink0:amd64				install
libjbig0:amd64					install
libjbig2dec0:amd64				install
libjcat1:amd64					install
libjemalloc2:amd64				install
libjim0.81:amd64				install
libjpeg62-turbo:amd64				install
libjq1:amd64					install
libjs-jquery					install
libjs-sphinxdoc					install
libjs-underscore				install
libjson-c5:amd64				install
libjson-glib-1.0-0:amd64			install
libjson-glib-1.0-common				install
libjte2:amd64					install
libjxl0.7:amd64					install
libjxr-tools					install
libjxr0:amd64					install
libk5crypto3:amd64				install
libkate1:amd64					install
libkeyutils1:amd64				install
libklibc:amd64					install
libkmod2:amd64					install
libkpathsea6:amd64				install
libkrb5-3:amd64					install
libkrb5support0:amd64				install
libksba8:amd64					install
liblangtag-common				install
liblangtag1:amd64				install
liblapack3:amd64				install
liblc3-0:amd64					install
liblcms2-2:amd64				install
libldacbt-abr2:amd64				install
libldacbt-enc2:amd64				install
libldap-2.5-0:amd64				install
libldap-common					install
libldb2:amd64					install
liblerc4:amd64					install
liblilv-0-0:amd64				install
liblirc-client0:amd64				install
libllvm15:amd64					install
liblmdb0:amd64					install
liblocale-gettext-perl				install
liblockfile-bin					install
liblouis-data					install
liblouis20:amd64				install
liblouisutdml-bin				install
liblouisutdml-data				install
liblouisutdml9:amd64				install
liblqr-1-0:amd64				install
liblrdf0:amd64					install
liblsan0:amd64					install
libltc11:amd64					install
libltdl7:amd64					install
liblua5.3-0:amd64				install
liblwp-mediatypes-perl				install
liblwp-protocol-https-perl			install
liblz4-1:amd64					install
liblz4-tool					install
liblzma5:amd64					install
liblzo2-2:amd64					install
libmagic-mgc					install
libmagic1:amd64					install
libmagickcore-6.q16-6:amd64			install
libmagickcore-6.q16-6-extra:amd64		install
libmagickwand-6.q16-6:amd64			install
libmailtools-perl				install
libmalcontent-0-0:amd64				install
libmalcontent-ui-1-1:amd64			install
libmanette-0.2-0:amd64				install
libmaxminddb0:amd64				install
libmbedcrypto7:amd64				install
libmbim-glib4:amd64				install
libmbim-proxy					install
libmbim-utils					install
libmd0:amd64					install
libmediaart-2.0-0:amd64				install
libmfx1:amd64					install
libmhash2:amd64					install
libminiupnpc17:amd64				install
libmjpegutils-2.1-0:amd64			install
libmm-glib0:amd64				install
libmnl0:amd64					install
libmodplug1:amd64				install
libmount1:amd64					install
libmozjs-102-0:amd64				install
libmp3lame0:amd64				install
libmpc3:amd64					install
libmpcdec6:amd64				install
libmpeg2-4:amd64				install
libmpeg2encpp-2.1-0:amd64			install
libmpfr6:amd64					install
libmpg123-0:amd64				install
libmplex2-2.1-0:amd64				install
libmspub-0.1-1:amd64				install
libmtdev1:amd64					install
libmtp-common					install
libmtp-runtime					install
libmtp9:amd64					install
libmutter-11-0:amd64				install
libmwaw-0.3-3:amd64				install
libmysofa1:amd64				install
libmythes-1.2-0:amd64				install
libnatpmp1:amd64				install
libnautilus-extension4:amd64			install
libncurses6:amd64				install
libncursesw6:amd64				install
libndp0:amd64					install
libneon27:amd64					install
libnet-dbus-perl				install
libnet-http-perl				install
libnet-smtp-ssl-perl				install
libnet-ssleay-perl:amd64			install
libnetfilter-conntrack3:amd64			install
libnettle8:amd64				install
libnewt0.52:amd64				install
libnfnetlink0:amd64				install
libnfs13:amd64					install
libnftables1:amd64				install
libnftnl11:amd64				install
libnghttp2-14:amd64				install
libnice10:amd64					install
libnl-3-200:amd64				install
libnl-genl-3-200:amd64				install
libnl-route-3-200:amd64				install
libnm0:amd64					install
libnma-common					install
libnma-gtk4-0:amd64				install
libnma0:amd64					install
libnorm1:amd64					install
libnotify4:amd64				install
libnpth0:amd64					install
libnsl-dev:amd64				install
libnsl2:amd64					install
libnspr4:amd64					install
libnss-mdns:amd64				install
libnss-myhostname:amd64				install
libnss-systemd:amd64				install
libnss3:amd64					install
libntfs-3g89:amd64				install
libnuma1:amd64					install
libnumbertext-1.0-0:amd64			install
libnumbertext-data				install
liboauth0:amd64					install
libodfgen-0.1-1:amd64				install
libogg0:amd64					install
libonig5:amd64					install
libopenal-data					install
libopenal1:amd64				install
libopencore-amrnb0:amd64			install
libopencore-amrwb0:amd64			install
libopenexr-3-1-30:amd64				install
libopengl0:amd64				install
libopenh264-7:amd64				install
libopenjp2-7:amd64				install
libopenmpt0:amd64				install
libopenni2-0:amd64				install
libopus0:amd64					install
liborc-0.4-0:amd64				install
liborcus-0.17-0:amd64				install
liborcus-parser-0.17-0:amd64			install
libosinfo-1.0-0:amd64				install
libosinfo-l10n					install
libostree-1-1:amd64				install
libp11-kit0:amd64				install
libpackagekit-glib2-18:amd64			install
libpagemaker-0.0-0:amd64			install
libpam-gnome-keyring:amd64			install
libpam-modules:amd64				install
libpam-modules-bin				install
libpam-runtime					install
libpam-systemd:amd64				install
libpam0g:amd64					install
libpango-1.0-0:amd64				install
libpangocairo-1.0-0:amd64			install
libpangoft2-1.0-0:amd64				install
libpangomm-1.4-1v5:amd64			install
libpangoxft-1.0-0:amd64				install
libpaper-utils					install
libpaper1:amd64					install
libparted-fs-resize0:amd64			install
libparted2:amd64				install
libpcap0.8:amd64				install
libpcaudio0:amd64				install
libpci3:amd64					install
libpciaccess0:amd64				install
libpcre2-8-0:amd64				install
libpcsclite1:amd64				install
libpeas-1.0-0:amd64				install
libpeas-common					install
libperl4-corelibs-perl				install
libperl5.36:amd64				install
libpgm-5.3-0:amd64				install
libphonenumber8:amd64				install
libpipeline1:amd64				install
libpipewire-0.3-0:amd64				install
libpipewire-0.3-common				install
libpipewire-0.3-modules:amd64			install
libpixman-1-0:amd64				install
libplacebo208:amd64				install
libplist3:amd64					install
libplymouth5:amd64				install
libpng16-16:amd64				install
libpocketsphinx3:amd64				install
libpolkit-agent-1-0:amd64			install
libpolkit-gobject-1-0:amd64			install
libpoppler-cpp0v5:amd64				install
libpoppler-glib8:amd64				install
libpoppler126:amd64				install
libpopt0:amd64					install
libportal-gtk3-1:amd64				install
libportal-gtk4-1:amd64				install
libportal1:amd64				install
libpostproc56:amd64				install
libproc2-0:amd64				install
libprotobuf-c1:amd64				install
libprotobuf32:amd64				install
libproxy1-plugin-gsettings:amd64		install
libproxy1-plugin-networkmanager:amd64		install
libproxy1-plugin-webkit:amd64			install
libproxy1v5:amd64				install
libpsl5:amd64					install
libpst4:amd64					install
libpulse-mainloop-glib0:amd64			install
libpulse0:amd64					install
libpwquality-common				install
libpwquality1:amd64				install
libpython3-dev:amd64				install
libpython3-stdlib:amd64				install
libpython3.11:amd64				install
libpython3.11-dev:amd64				install
libpython3.11-minimal:amd64			install
libpython3.11-stdlib:amd64			install
libqmi-glib5:amd64				install
libqmi-proxy					install
libqmi-utils					install
libqpdf29:amd64					install
libqqwing2v5:amd64				install
libqrencode4:amd64				install
libqrtr-glib0:amd64				install
libquadmath0:amd64				install
libqxp-0.0-0					install
librabbitmq4:amd64				install
libraptor2-0:amd64				install
librasqal3:amd64				install
librav1e0:amd64					install
libraw1394-11:amd64				install
libraw20:amd64					install
librdf0:amd64					install
libreadline8:amd64				install
libregexp-ipv6-perl				install
libreoffice-base-core				install
libreoffice-calc				install
libreoffice-common				install
libreoffice-core				install
libreoffice-draw				install
libreoffice-gnome				install
libreoffice-gtk3				install
libreoffice-help-common				install
libreoffice-help-en-us				install
libreoffice-impress				install
libreoffice-math				install
libreoffice-style-colibre			install
libreoffice-style-elementary			install
libreoffice-writer				install
librest-1.0-0:amd64				install
librevenge-0.0-0:amd64				install
librhythmbox-core10:amd64			install
librist4:amd64					install
librsvg2-2:amd64				install
librsvg2-common:amd64				install
librtmp1:amd64					install
librubberband2:amd64				install
librygel-core-2.8-0:amd64			install
librygel-db-2.8-0:amd64				install
librygel-renderer-2.8-0:amd64			install
librygel-renderer-gst-2.8-0:amd64		install
librygel-server-2.8-0:amd64			install
libsamplerate0:amd64				install
libsane-common					install
libsane1:amd64					install
libsasl2-2:amd64				install
libsasl2-modules:amd64				install
libsasl2-modules-db:amd64			install
libsbc1:amd64					install
libsdl2-2.0-0:amd64				install
libseccomp2:amd64				install
libsecret-1-0:amd64				install
libsecret-common				install
libselinux1:amd64				install
libsemanage-common				install
libsemanage2:amd64				install
libsensors-config				install
libsensors5:amd64				install
libsepol2:amd64					install
libserd-0-0:amd64				install
libsgutils2-1.46-2:amd64			install
libshine3:amd64					install
libshout3:amd64					install
libshumate-1.0-1:amd64				install
libshumate-common				install
libsidplay1v5:amd64				install
libsigc++-2.0-0v5:amd64				install
libsigsegv2:amd64				install
libslang2:amd64					install
libsm6:amd64					install
libsmartcols1:amd64				install
libsmbclient:amd64				install
libsmbios-c2					install
libsnapd-glib-2-1:amd64				install
libsnappy1v5:amd64				install
libsndfile1:amd64				install
libsndio7.0:amd64				install
libsnmp-base					install
libsnmp40:amd64					install
libsodium23:amd64				install
libsonic0:amd64					install
libsord-0-0:amd64				install
libsoundtouch1:amd64				install
libsoup-3.0-0:amd64				install
libsoup-3.0-common				install
libsoup-gnome2.4-1:amd64			install
libsoup2.4-1:amd64				install
libsoup2.4-common				install
libsoxr0:amd64					install
libspa-0.2-bluetooth:amd64			install
libspa-0.2-modules:amd64			install
libspandsp2:amd64				install
libspectre1:amd64				install
libspeechd2:amd64				install
libspeex1:amd64					install
libsphinxbase3:amd64				install
libsqlite3-0:amd64				install
libsratom-0-0:amd64				install
libsrt1.5-gnutls:amd64				install
libsrtp2-1:amd64				install
libss2:amd64					install
libssh-gcrypt-4:amd64				install
libssh2-1:amd64					install
libssl3:amd64					install
libstaroffice-0.0-0:amd64			install
libstartup-notification0:amd64			install
libstdc++-12-dev:amd64				install
libstdc++6:amd64				install
libstemmer0d:amd64				install
libsuitesparseconfig5:amd64			install
libsvtav1enc1:amd64				install
libswresample4:amd64				install
libswscale6:amd64				install
libsynctex2:amd64				install
libsystemd-shared:amd64				install
libsystemd0:amd64				install
libtag1v5:amd64					install
libtag1v5-vanilla:amd64				install
libtalloc2:amd64				install
libtasn1-6:amd64				install
libtdb1:amd64					install
libteamdctl0:amd64				install
libtevent0:amd64				install
libtext-charwidth-perl:amd64			install
libtext-iconv-perl:amd64			install
libtext-unidecode-perl				install
libtext-wrapi18n-perl				install
libthai-data					install
libthai0:amd64					install
libtheora0:amd64				install
libtie-ixhash-perl				install
libtiff6:amd64					install
libtimedate-perl				install
libtinfo6:amd64					install
libtirpc-common					install
libtirpc-dev:amd64				install
libtirpc3:amd64					install
libtotem-plparser-common			install
libtotem-plparser18:amd64			install
libtotem0:amd64					install
libtracker-sparql-3.0-0:amd64			install
libtry-tiny-perl				install
libtsan2:amd64					install
libtss2-esys-3.0.2-0:amd64			install
libtss2-mu0:amd64				install
libtss2-rc0:amd64				install
libtss2-sys1:amd64				install
libtss2-tcti-cmd0:amd64				install
libtss2-tcti-device0:amd64			install
libtss2-tcti-mssim0:amd64			install
libtss2-tcti-swtpm0:amd64			install
libtss2-tctildr0:amd64				install
libtwolame0:amd64				install
libubsan1:amd64					install
libuchardet0:amd64				install
libudev1:amd64					install
libudfread0:amd64				install
libudisks2-0:amd64				install
libunistring2:amd64				install
libunity-protocol-private0:amd64		install
libunity-scopes-json-def-desktop		install
libunity9:amd64					install
libuno-cppu3					install
libuno-cppuhelpergcc3-3				install
libuno-purpenvhelpergcc3-3			install
libuno-sal3					install
libuno-salhelpergcc3-3				install
libunwind8:amd64				install
libupower-glib3:amd64				install
liburi-perl					install
libusb-1.0-0:amd64				install
libusbmuxd6:amd64				install
libuuid1:amd64					install
libuv1:amd64					install
libv4l-0:amd64					install
libv4lconvert0:amd64				install
libva-drm2:amd64				install
libva-x11-2:amd64				install
libva2:amd64					install
libvdpau-va-gl1:amd64				install
libvdpau1:amd64					install
libvidstab1.1:amd64				install
libvisio-0.1-1:amd64				install
libvisual-0.4-0:amd64				install
libvo-aacenc0:amd64				install
libvo-amrwbenc0:amd64				install
libvolume-key1:amd64				install
libvorbis0a:amd64				install
libvorbisenc2:amd64				install
libvorbisfile3:amd64				install
libvpx7:amd64					install
libvte-2.91-0:amd64				install
libvte-2.91-common				install
libvulkan1:amd64				install
libwacom-common					install
libwacom9:amd64					install
libwavpack1:amd64				install
libwayland-client0:amd64			install
libwayland-cursor0:amd64			install
libwayland-egl1:amd64				install
libwayland-server0:amd64			install
libwbclient0:amd64				install
libwebkit2gtk-4.0-37:amd64			install
libwebkit2gtk-4.1-0:amd64			install
libwebkitgtk-6.0-4:amd64			install
libwebp7:amd64					install
libwebpdemux2:amd64				install
libwebpmux3:amd64				install
libwebrtc-audio-processing1:amd64		install
libwildmidi2:amd64				install
libwinpr2-2:amd64				install
libwireplumber-0.4-0:amd64			install
libwmflite-0.2-7:amd64				install
libwnck-3-0:amd64				install
libwnck-3-common				install
libwoff1:amd64					install
libwpd-0.10-10:amd64				install
libwpg-0.3-3:amd64				install
libwps-0.4-4:amd64				install
libwrap0:amd64					install
libwww-perl					install
libwww-robotrules-perl				install
libx11-6:amd64					install
libx11-data					install
libx11-protocol-perl				install
libx11-xcb1:amd64				install
libx264-164:amd64				install
libx265-199:amd64				install
libxapian30:amd64				install
libxatracker2:amd64				install
libxau6:amd64					install
libxaw7:amd64					install
libxcb-damage0:amd64				install
libxcb-dri2-0:amd64				install
libxcb-dri3-0:amd64				install
libxcb-glx0:amd64				install
libxcb-icccm4:amd64				install
libxcb-image0:amd64				install
libxcb-keysyms1:amd64				install
libxcb-present0:amd64				install
libxcb-randr0:amd64				install
libxcb-render-util0:amd64			install
libxcb-render0:amd64				install
libxcb-res0:amd64				install
libxcb-shape0:amd64				install
libxcb-shm0:amd64				install
libxcb-sync1:amd64				install
libxcb-util1:amd64				install
libxcb-xfixes0:amd64				install
libxcb-xkb1:amd64				install
libxcb-xv0:amd64				install
libxcb1:amd64					install
libxcomposite1:amd64				install
libxcursor1:amd64				install
libxcvt0:amd64					install
libxdamage1:amd64				install
libxdmcp6:amd64					install
libxext6:amd64					install
libxfixes3:amd64				install
libxfont2:amd64					install
libxft2:amd64					install
libxi6:amd64					install
libxinerama1:amd64				install
libxkbcommon-x11-0:amd64			install
libxkbcommon0:amd64				install
libxkbfile1:amd64				install
libxkbregistry0:amd64				install
libxklavier16:amd64				install
libxml-libxml-perl				install
libxml-namespacesupport-perl			install
libxml-parser-perl				install
libxml-sax-base-perl				install
libxml-sax-expat-perl				install
libxml-sax-perl					install
libxml-twig-perl				install
libxml-xpathengine-perl				install
libxml2:amd64					install
libxmlb2:amd64					install
libxmlsec1:amd64				install
libxmlsec1-nss:amd64				install
libxmu6:amd64					install
libxmuu1:amd64					install
libxpm4:amd64					install
libxrandr2:amd64				install
libxrender1:amd64				install
libxres1:amd64					install
libxshmfence1:amd64				install
libxslt1.1:amd64				install
libxss1:amd64					install
libxt6:amd64					install
libxtables12:amd64				install
libxtst6:amd64					install
libxv1:amd64					install
libxvidcore4:amd64				install
libxvmc1:amd64					install
libxxf86dga1:amd64				install
libxxf86vm1:amd64				install
libxxhash0:amd64				install
libyajl2:amd64					install
libyaml-0-2:amd64				install
libyelp0:amd64					install
libytnef0:amd64					install
libyuv0:amd64					install
libz3-4:amd64					install
libzbar0:amd64					install
libzimg2:amd64					install
libzmf-0.0-0:amd64				install
libzmq5:amd64					install
libzstd1:amd64					install
libzvbi-common					install
libzvbi0:amd64					install
libzxing2:amd64					install
lightsoff					install
linux-base					install
linux-compiler-gcc-12-x86			install
linux-headers-6.1.0-23-amd64			install
linux-headers-6.1.0-23-common			install
linux-headers-amd64				install
linux-image-6.1.0-22-amd64			install
linux-image-6.1.0-23-amd64			install
linux-image-amd64				install
linux-kbuild-6.1				install
linux-libc-dev:amd64				install
locales						install
login						install
logrotate					install
logsave						install
low-memory-monitor				install
lp-solve					install
lsb-release					install
lsof						install
lynx						install
lynx-common					install
lz4						install
mailcap						install
make						install
malcontent					install
malcontent-gui					install
man-db						install
manpages					install
manpages-dev					install
mawk						install
media-player-info				install
media-types					install
mesa-va-drivers:amd64				install
mesa-vdpau-drivers:amd64			install
mesa-vulkan-drivers:amd64			install
mime-support					install
mobile-broadband-provider-info			install
modemmanager					install
mount						install
mutter-common					install
mythes-en-us					install
nano						install
nautilus					install
nautilus-data					install
nautilus-extension-gnome-terminal:amd64		install
ncurses-base					install
ncurses-bin					install
ncurses-term					install
netbase						install
netcat-traditional				install
network-manager					install
network-manager-gnome				install
nftables					install
node-clipboard					install
node-normalize.css				install
node-prismjs					install
ntfs-3g						install
ocl-icd-libopencl1:amd64			install
openssh-client					install
openssh-server					install
openssh-sftp-server				install
openssl						install
orca						install
os-prober					install
osinfo-db					install
p11-kit						install
p11-kit-modules:amd64				install
p7zip						install
p7zip-full					install
packagekit					install
packagekit-tools				install
parted						install
passwd						install
patch						install
pci.ids						install
pciutils					install
perl						install
perl-base					install
perl-modules-5.36				install
perl-openssl-defaults:amd64			install
perl-tk						install
pinentry-gnome3					install
pipewire:amd64					install
pipewire-alsa:amd64				install
pipewire-audio					install
pipewire-bin					install
pipewire-pulse					install
pkexec						install
plymouth					install
plymouth-label					install
pocketsphinx-en-us				install
polkitd						install
poppler-data					install
poppler-utils					install
power-profiles-daemon				install
powertop					install
ppp						install
procps						install
psmisc						install
publicsuffix					install
python-apt-common				install
python-babel-localedata				install
python3						install
python3-apt					install
python3-babel					install
python3-blinker					install
python3-brlapi:amd64				install
python3-cairo:amd64				install
python3-certifi					install
python3-cffi-backend:amd64			install
python3-chardet					install
python3-charset-normalizer			install
python3-cryptography				install
python3-cups:amd64				install
python3-cupshelpers				install
python3-dateutil				install
python3-dbus					install
python3-debconf					install
python3-debian					install
python3-debianbts				install
python3-dev					install
python3-distro					install
python3-distro-info				install
python3-distutils				install
python3-extras					install
python3-fixtures				install
python3-gi					install
python3-gi-cairo				install
python3-git					install
python3-gitdb					install
python3-httplib2				install
python3-ibus-1.0				install
python3-idna					install
python3-jinja2					install
python3-jwt					install
python3-lazr.restfulclient			install
python3-lazr.uri				install
python3-lib2to3					install
python3-louis					install
python3-mako					install
python3-markupsafe				install
python3-minimal					install
python3-oauthlib				install
python3-pbr					install
python3-pexpect					install
python3-pip					install
python3-pkg-resources				install
python3-ptyprocess				install
python3-pyatspi					install
python3-pycurl					install
python3-pyparsing				install
python3-pysimplesoap				install
python3-reportbug				install
python3-requests				install
python3-setuptools				install
python3-six					install
python3-smbc					install
python3-smmap					install
python3-software-properties			install
python3-speechd					install
python3-subunit					install
python3-testtools				install
python3-tz					install
python3-uno					install
python3-urllib3					install
python3-wadllib					install
python3-wheel					install
python3-xdg					install
python3.11					install
python3.11-dev					install
python3.11-minimal				install
quadrapassel					install
